Archive member included to satisfy reference by file (symbol)

c:/st/stm32cubeide_1.7.0/stm32cubeide/plugins/com.st.stm32cube.ide.mcu.externaltools.gnu-tools-for-stm32.9-2020-q2-update.win32_2.0.0.202105311346/tools/bin/../lib/gcc/arm-none-eabi/9.3.1/../../../../arm-none-eabi/lib/thumb/v7e-m+fp/hard\libm.a(lib_a-w_pow.o)
                              ./Core/Src/BMXX80.o (pow)
c:/st/stm32cubeide_1.7.0/stm32cubeide/plugins/com.st.stm32cube.ide.mcu.externaltools.gnu-tools-for-stm32.9-2020-q2-update.win32_2.0.0.202105311346/tools/bin/../lib/gcc/arm-none-eabi/9.3.1/../../../../arm-none-eabi/lib/thumb/v7e-m+fp/hard\libm.a(lib_a-e_pow.o)
                              c:/st/stm32cubeide_1.7.0/stm32cubeide/plugins/com.st.stm32cube.ide.mcu.externaltools.gnu-tools-for-stm32.9-2020-q2-update.win32_2.0.0.202105311346/tools/bin/../lib/gcc/arm-none-eabi/9.3.1/../../../../arm-none-eabi/lib/thumb/v7e-m+fp/hard\libm.a(lib_a-w_pow.o) (__ieee754_pow)
c:/st/stm32cubeide_1.7.0/stm32cubeide/plugins/com.st.stm32cube.ide.mcu.externaltools.gnu-tools-for-stm32.9-2020-q2-update.win32_2.0.0.202105311346/tools/bin/../lib/gcc/arm-none-eabi/9.3.1/../../../../arm-none-eabi/lib/thumb/v7e-m+fp/hard\libm.a(lib_a-e_sqrt.o)
                              c:/st/stm32cubeide_1.7.0/stm32cubeide/plugins/com.st.stm32cube.ide.mcu.externaltools.gnu-tools-for-stm32.9-2020-q2-update.win32_2.0.0.202105311346/tools/bin/../lib/gcc/arm-none-eabi/9.3.1/../../../../arm-none-eabi/lib/thumb/v7e-m+fp/hard\libm.a(lib_a-e_pow.o) (__ieee754_sqrt)
c:/st/stm32cubeide_1.7.0/stm32cubeide/plugins/com.st.stm32cube.ide.mcu.externaltools.gnu-tools-for-stm32.9-2020-q2-update.win32_2.0.0.202105311346/tools/bin/../lib/gcc/arm-none-eabi/9.3.1/../../../../arm-none-eabi/lib/thumb/v7e-m+fp/hard\libm.a(lib_a-s_fabs.o)
                              c:/st/stm32cubeide_1.7.0/stm32cubeide/plugins/com.st.stm32cube.ide.mcu.externaltools.gnu-tools-for-stm32.9-2020-q2-update.win32_2.0.0.202105311346/tools/bin/../lib/gcc/arm-none-eabi/9.3.1/../../../../arm-none-eabi/lib/thumb/v7e-m+fp/hard\libm.a(lib_a-e_pow.o) (fabs)
c:/st/stm32cubeide_1.7.0/stm32cubeide/plugins/com.st.stm32cube.ide.mcu.externaltools.gnu-tools-for-stm32.9-2020-q2-update.win32_2.0.0.202105311346/tools/bin/../lib/gcc/arm-none-eabi/9.3.1/../../../../arm-none-eabi/lib/thumb/v7e-m+fp/hard\libm.a(lib_a-s_finite.o)
                              c:/st/stm32cubeide_1.7.0/stm32cubeide/plugins/com.st.stm32cube.ide.mcu.externaltools.gnu-tools-for-stm32.9-2020-q2-update.win32_2.0.0.202105311346/tools/bin/../lib/gcc/arm-none-eabi/9.3.1/../../../../arm-none-eabi/lib/thumb/v7e-m+fp/hard\libm.a(lib_a-w_pow.o) (finite)
c:/st/stm32cubeide_1.7.0/stm32cubeide/plugins/com.st.stm32cube.ide.mcu.externaltools.gnu-tools-for-stm32.9-2020-q2-update.win32_2.0.0.202105311346/tools/bin/../lib/gcc/arm-none-eabi/9.3.1/../../../../arm-none-eabi/lib/thumb/v7e-m+fp/hard\libm.a(lib_a-s_lib_ver.o)
                              c:/st/stm32cubeide_1.7.0/stm32cubeide/plugins/com.st.stm32cube.ide.mcu.externaltools.gnu-tools-for-stm32.9-2020-q2-update.win32_2.0.0.202105311346/tools/bin/../lib/gcc/arm-none-eabi/9.3.1/../../../../arm-none-eabi/lib/thumb/v7e-m+fp/hard\libm.a(lib_a-w_pow.o) (__fdlib_version)
c:/st/stm32cubeide_1.7.0/stm32cubeide/plugins/com.st.stm32cube.ide.mcu.externaltools.gnu-tools-for-stm32.9-2020-q2-update.win32_2.0.0.202105311346/tools/bin/../lib/gcc/arm-none-eabi/9.3.1/../../../../arm-none-eabi/lib/thumb/v7e-m+fp/hard\libm.a(lib_a-s_nan.o)
                              c:/st/stm32cubeide_1.7.0/stm32cubeide/plugins/com.st.stm32cube.ide.mcu.externaltools.gnu-tools-for-stm32.9-2020-q2-update.win32_2.0.0.202105311346/tools/bin/../lib/gcc/arm-none-eabi/9.3.1/../../../../arm-none-eabi/lib/thumb/v7e-m+fp/hard\libm.a(lib_a-e_pow.o) (nan)
c:/st/stm32cubeide_1.7.0/stm32cubeide/plugins/com.st.stm32cube.ide.mcu.externaltools.gnu-tools-for-stm32.9-2020-q2-update.win32_2.0.0.202105311346/tools/bin/../lib/gcc/arm-none-eabi/9.3.1/../../../../arm-none-eabi/lib/thumb/v7e-m+fp/hard\libm.a(lib_a-s_rint.o)
                              c:/st/stm32cubeide_1.7.0/stm32cubeide/plugins/com.st.stm32cube.ide.mcu.externaltools.gnu-tools-for-stm32.9-2020-q2-update.win32_2.0.0.202105311346/tools/bin/../lib/gcc/arm-none-eabi/9.3.1/../../../../arm-none-eabi/lib/thumb/v7e-m+fp/hard\libm.a(lib_a-w_pow.o) (rint)
c:/st/stm32cubeide_1.7.0/stm32cubeide/plugins/com.st.stm32cube.ide.mcu.externaltools.gnu-tools-for-stm32.9-2020-q2-update.win32_2.0.0.202105311346/tools/bin/../lib/gcc/arm-none-eabi/9.3.1/../../../../arm-none-eabi/lib/thumb/v7e-m+fp/hard\libm.a(lib_a-s_scalbn.o)
                              c:/st/stm32cubeide_1.7.0/stm32cubeide/plugins/com.st.stm32cube.ide.mcu.externaltools.gnu-tools-for-stm32.9-2020-q2-update.win32_2.0.0.202105311346/tools/bin/../lib/gcc/arm-none-eabi/9.3.1/../../../../arm-none-eabi/lib/thumb/v7e-m+fp/hard\libm.a(lib_a-e_pow.o) (scalbn)
[...]
Memory Configuration

Name             Origin             Length             Attributes
RAM              0x0000000020000000 0x0000000000050000 xrw
FLASH            0x0000000008000000 0x0000000000100000 xr
*default*        0x0000000000000000 0xffffffffffffffff

Linker script and memory map

LOAD c:/st/stm32cubeide_1.7.0/stm32cubeide/plugins/com.st.stm32cube.ide.mcu.externaltools.gnu-tools-for-stm32.9-2020-q2-update.win32_2.0.0.202105311346/tools/bin/../lib/gcc/arm-none-eabi/9.3.1/thumb/v7e-m+fp/hard/crti.o
LOAD c:/st/stm32cubeide_1.7.0/stm32cubeide/plugins/com.st.stm32cube.ide.mcu.externaltools.gnu-tools-for-stm32.9-2020-q2-update.win32_2.0.0.202105311346/tools/bin/../lib/gcc/arm-none-eabi/9.3.1/thumb/v7e-m+fp/hard/crtbegin.o
LOAD c:/st/stm32cubeide_1.7.0/stm32cubeide/plugins/com.st.stm32cube.ide.mcu.externaltools.gnu-tools-for-stm32.9-2020-q2-update.win32_2.0.0.202105311346/tools/bin/../lib/gcc/arm-none-eabi/9.3.1/../../../../arm-none-eabi/lib/thumb/v7e-m+fp/hard/crt0.o
LOAD ./Core/Src/BMXX80.o
LOAD ./Core/Src/PID_discrete_simple.o
LOAD ./Core/Src/gpio.o
LOAD ./Core/Src/i2c.o
LOAD ./Core/Src/lcd_i2c.o
LOAD ./Core/Src/main.o
LOAD ./Core/Src/stm32f7xx_hal_msp.o
LOAD ./Core/Src/stm32f7xx_it.o
LOAD ./Core/Src/syscalls.o
LOAD ./Core/Src/sysmem.o
LOAD ./Core/Src/system_stm32f7xx.o
LOAD ./Core/Src/tim.o
LOAD ./Core/Src/usart.o
LOAD ./Core/Src/usb_otg.o
LOAD ./Core/Startup/startup_stm32f746zgtx.o
LOAD ./Drivers/STM32F7xx_HAL_Driver/Src/stm32f7xx_hal.o
LOAD ./Drivers/STM32F7xx_HAL_Driver/Src/stm32f7xx_hal_cortex.o
LOAD ./Drivers/STM32F7xx_HAL_Driver/Src/stm32f7xx_hal_dma.o
LOAD ./Drivers/STM32F7xx_HAL_Driver/Src/stm32f7xx_hal_dma_ex.o
LOAD ./Drivers/STM32F7xx_HAL_Driver/Src/stm32f7xx_hal_exti.o
LOAD ./Drivers/STM32F7xx_HAL_Driver/Src/stm32f7xx_hal_flash.o
LOAD ./Drivers/STM32F7xx_HAL_Driver/Src/stm32f7xx_hal_flash_ex.o
LOAD ./Drivers/STM32F7xx_HAL_Driver/Src/stm32f7xx_hal_gpio.o
LOAD ./Drivers/STM32F7xx_HAL_Driver/Src/stm32f7xx_hal_i2c.o
LOAD ./Drivers/STM32F7xx_HAL_Driver/Src/stm32f7xx_hal_i2c_ex.o
LOAD ./Drivers/STM32F7xx_HAL_Driver/Src/stm32f7xx_hal_pcd.o
LOAD ./Drivers/STM32F7xx_HAL_Driver/Src/stm32f7xx_hal_pcd_ex.o
LOAD ./Drivers/STM32F7xx_HAL_Driver/Src/stm32f7xx_hal_pwr.o
LOAD ./Drivers/STM32F7xx_HAL_Driver/Src/stm32f7xx_hal_pwr_ex.o
LOAD ./Drivers/STM32F7xx_HAL_Driver/Src/stm32f7xx_hal_rcc.o
LOAD ./Drivers/STM32F7xx_HAL_Driver/Src/stm32f7xx_hal_rcc_ex.o
LOAD ./Drivers/STM32F7xx_HAL_Driver/Src/stm32f7xx_hal_tim.o
LOAD ./Drivers/STM32F7xx_HAL_Driver/Src/stm32f7xx_hal_tim_ex.o
LOAD ./Drivers/STM32F7xx_HAL_Driver/Src/stm32f7xx_hal_uart.o
LOAD ./Drivers/STM32F7xx_HAL_Driver/Src/stm32f7xx_hal_uart_ex.o
LOAD ./Drivers/STM32F7xx_HAL_Driver/Src/stm32f7xx_ll_usb.o
START GROUP
LOAD c:/st/stm32cubeide_1.7.0/stm32cubeide/plugins/com.st.stm32cube.ide.mcu.externaltools.gnu-tools-for-stm32.9-2020-q2-update.win32_2.0.0.202105311346/tools/bin/../lib/gcc/arm-none-eabi/9.3.1/../../../../arm-none-eabi/lib/thumb/v7e-m+fp/hard\libstdc++_nano.a
LOAD c:/st/stm32cubeide_1.7.0/stm32cubeide/plugins/com.st.stm32cube.ide.mcu.externaltools.gnu-tools-for-stm32.9-2020-q2-update.win32_2.0.0.202105311346/tools/bin/../lib/gcc/arm-none-eabi/9.3.1/../../../../arm-none-eabi/lib/thumb/v7e-m+fp/hard\libsupc++_nano.a
END GROUP
LOAD c:/st/stm32cubeide_1.7.0/stm32cubeide/plugins/com.st.stm32cube.ide.mcu.externaltools.gnu-tools-for-stm32.9-2020-q2-update.win32_2.0.0.202105311346/tools/bin/../lib/gcc/arm-none-eabi/9.3.1/../../../../arm-none-eabi/lib/thumb/v7e-m+fp/hard\libstdc++_nano.a
LOAD c:/st/stm32cubeide_1.7.0/stm32cubeide/plugins/com.st.stm32cube.ide.mcu.externaltools.gnu-tools-for-stm32.9-2020-q2-update.win32_2.0.0.202105311346/tools/bin/../lib/gcc/arm-none-eabi/9.3.1/../../../../arm-none-eabi/lib/thumb/v7e-m+fp/hard\libm.a
LOAD c:/st/stm32cubeide_1.7.0/stm32cubeide/plugins/com.st.stm32cube.ide.mcu.externaltools.gnu-tools-for-stm32.9-2020-q2-update.win32_2.0.0.202105311346/tools/bin/../lib/gcc/arm-none-eabi/9.3.1/../../../../arm-none-eabi/lib/thumb/v7e-m+fp/hard\libc_nano.a
START GROUP
LOAD c:/st/stm32cubeide_1.7.0/stm32cubeide/plugins/com.st.stm32cube.ide.mcu.externaltools.gnu-tools-for-stm32.9-2020-q2-update.win32_2.0.0.202105311346/tools/bin/../lib/gcc/arm-none-eabi/9.3.1/thumb/v7e-m+fp/hard\libgcc.a
LOAD c:/st/stm32cubeide_1.7.0/stm32cubeide/plugins/com.st.stm32cube.ide.mcu.externaltools.gnu-tools-for-stm32.9-2020-q2-update.win32_2.0.0.202105311346/tools/bin/../lib/gcc/arm-none-eabi/9.3.1/../../../../arm-none-eabi/lib/thumb/v7e-m+fp/hard\libc_nano.a
END GROUP
START GROUP
LOAD c:/st/stm32cubeide_1.7.0/stm32cubeide/plugins/com.st.stm32cube.ide.mcu.externaltools.gnu-tools-for-stm32.9-2020-q2-update.win32_2.0.0.202105311346/tools/bin/../lib/gcc/arm-none-eabi/9.3.1/thumb/v7e-m+fp/hard\libgcc.a
LOAD c:/st/stm32cubeide_1.7.0/stm32cubeide/plugins/com.st.stm32cube.ide.mcu.externaltools.gnu-tools-for-stm32.9-2020-q2-update.win32_2.0.0.202105311346/tools/bin/../lib/gcc/arm-none-eabi/9.3.1/../../../../arm-none-eabi/lib/thumb/v7e-m+fp/hard\libc_nano.a
LOAD c:/st/stm32cubeide_1.7.0/stm32cubeide/plugins/com.st.stm32cube.ide.mcu.externaltools.gnu-tools-for-stm32.9-2020-q2-update.win32_2.0.0.202105311346/tools/bin/../lib/gcc/arm-none-eabi/9.3.1/../../../../arm-none-eabi/lib/thumb/v7e-m+fp/hard\libnosys.a
END GROUP
START GROUP
LOAD c:/st/stm32cubeide_1.7.0/stm32cubeide/plugins/com.st.stm32cube.ide.mcu.externaltools.gnu-tools-for-stm32.9-2020-q2-update.win32_2.0.0.202105311346/tools/bin/../lib/gcc/arm-none-eabi/9.3.1/thumb/v7e-m+fp/hard\libgcc.a
LOAD c:/st/stm32cubeide_1.7.0/stm32cubeide/plugins/com.st.stm32cube.ide.mcu.externaltools.gnu-tools-for-stm32.9-2020-q2-update.win32_2.0.0.202105311346/tools/bin/../lib/gcc/arm-none-eabi/9.3.1/../../../../arm-none-eabi/lib/thumb/v7e-m+fp/hard\libc_nano.a
LOAD c:/st/stm32cubeide_1.7.0/stm32cubeide/plugins/com.st.stm32cube.ide.mcu.externaltools.gnu-tools-for-stm32.9-2020-q2-update.win32_2.0.0.202105311346/tools/bin/../lib/gcc/arm-none-eabi/9.3.1/../../../../arm-none-eabi/lib/thumb/v7e-m+fp/hard\libnosys.a
END GROUP
LOAD c:/st/stm32cubeide_1.7.0/stm32cubeide/plugins/com.st.stm32cube.ide.mcu.externaltools.gnu-tools-for-stm32.9-2020-q2-update.win32_2.0.0.202105311346/tools/bin/../lib/gcc/arm-none-eabi/9.3.1/thumb/v7e-m+fp/hard/crtend.o
LOAD c:/st/stm32cubeide_1.7.0/stm32cubeide/plugins/com.st.stm32cube.ide.mcu.externaltools.gnu-tools-for-stm32.9-2020-q2-update.win32_2.0.0.202105311346/tools/bin/../lib/gcc/arm-none-eabi/9.3.1/thumb/v7e-m+fp/hard/crtn.o
                0x0000000020050000                _estack = (ORIGIN (RAM) + LENGTH (RAM))
                0x0000000000000200                _Min_Heap_Size = 0x200
                0x0000000000000400                _Min_Stack_Size = 0x400

.isr_vector     0x0000000008000000      0x1c8
                0x0000000008000000                . = ALIGN (0x4)
 *(.isr_vector)
 .isr_vector    0x0000000008000000      0x1c8 ./Core/Startup/startup_stm32f746zgtx.o
                0x0000000008000000                g_pfnVectors
                0x00000000080001c8                . = ALIGN (0x4)

.text           0x00000000080001d0     0xaefc
                0x00000000080001d0                . = ALIGN (0x4)
 *(.text)
 .text          0x00000000080001d0       0x40 c:/st/stm32cubeide_1.7.0/stm32cubeide/plugins/com.st.stm32cube.ide.mcu.externaltools.gnu-tools-for-stm32.9-2020-q2-update.win32_2.0.0.202105311346/tools/bin/../lib/gcc/arm-none-eabi/9.3.1/thumb/v7e-m+fp/hard/crtbegin.o
 .text          0x0000000008000210       0x10 c:/st/stm32cubeide_1.7.0/stm32cubeide/plugins/com.st.stm32cube.ide.mcu.externaltools.gnu-tools-for-stm32.9-2020-q2-update.win32_2.0.0.202105311346/tools/bin/../lib/gcc/arm-none-eabi/9.3.1/../../../../arm-none-eabi/lib/thumb/v7e-m+fp/hard\libc_nano.a(lib_a-strlen.o)
                0x0000000008000210                strlen
 .text          0x0000000008000220       0xa0 c:/st/stm32cubeide_1.7.0/stm32cubeide/plugins/com.st.stm32cube.ide.mcu.externaltools.gnu-tools-for-stm32.9-2020-q2-update.win32_2.0.0.202105311346/tools/bin/../lib/gcc/arm-none-eabi/9.3.1/../../../../arm-none-eabi/lib/thumb/v7e-m+fp/hard\libc_nano.a(lib_a-memchr.o)
                0x0000000008000220                memchr
 .text          0x00000000080002c0      0x378 c:/st/stm32cubeide_1.7.0/stm32cubeide/plugins/com.st.stm32cube.ide.mcu.externaltools.gnu-tools-for-stm32.9-2020-q2-update.win32_2.0.0.202105311346/tools/bin/../lib/gcc/arm-none-eabi/9.3.1/thumb/v7e-m+fp/hard\libgcc.a(_arm_addsubdf3.o)
                0x00000000080002c0                __aeabi_drsub
                0x00000000080002c8                __aeabi_dsub
                0x00000000080002c8                __subdf3
                0x00000000080002cc                __aeabi_dadd
                0x00000000080002cc                __adddf3
                0x0000000008000544                __floatunsidf
                0x0000000008000544                __aeabi_ui2d
                0x0000000008000564                __floatsidf
                0x0000000008000564                __aeabi_i2d
                0x0000000008000588                __aeabi_f2d
                0x0000000008000588                __extendsfdf2
                0x00000000080005cc                __floatundidf
                0x00000000080005cc                __aeabi_ul2d
                0x00000000080005dc                __floatdidf
                0x00000000080005dc                __aeabi_l2d
 .text          0x0000000008000638      0x424 c:/st/stm32cubeide_1.7.0/stm32cubeide/plugins/com.st.stm32cube.ide.mcu.externaltools.gnu-tools-for-stm32.9-2020-q2-update.win32_2.0.0.202105311346/tools/bin/../lib/gcc/arm-none-eabi/9.3.1/thumb/v7e-m+fp/hard\libgcc.a(_arm_muldivdf3.o)
                0x0000000008000638                __aeabi_dmul
                0x0000000008000638                __muldf3
                0x000000000800088c                __divdf3
                0x000000000800088c                __aeabi_ddiv
 .text          0x0000000008000a5c      0x110 c:/st/stm32cubeide_1.7.0/stm32cubeide/plugins/com.st.stm32cube.ide.mcu.externaltools.gnu-tools-for-stm32.9-2020-q2-update.win32_2.0.0.202105311346/tools/bin/../lib/gcc/arm-none-eabi/9.3.1/thumb/v7e-m+fp/hard\libgcc.a(_arm_cmpdf2.o)
                0x0000000008000a5c                __gtdf2
                0x0000000008000a5c                __gedf2
                0x0000000008000a64                __ltdf2
                0x0000000008000a64                __ledf2
                0x0000000008000a6c                __nedf2
                0x0000000008000a6c                __eqdf2
                0x0000000008000a6c                __cmpdf2
                0x0000000008000ae8                __aeabi_cdrcmple
                0x0000000008000af8                __aeabi_cdcmpeq
                0x0000000008000af8                __aeabi_cdcmple
                0x0000000008000b08                __aeabi_dcmpeq
                0x0000000008000b1c                __aeabi_dcmplt
                0x0000000008000b30                __aeabi_dcmple
                0x0000000008000b44                __aeabi_dcmpge
                0x0000000008000b58                __aeabi_dcmpgt
 .text          0x0000000008000b6c       0x2c c:/st/stm32cubeide_1.7.0/stm32cubeide/plugins/com.st.stm32cube.ide.mcu.externaltools.gnu-tools-for-stm32.9-2020-q2-update.win32_2.0.0.202105311346/tools/bin/../lib/gcc/arm-none-eabi/9.3.1/thumb/v7e-m+fp/hard\libgcc.a(_arm_unorddf2.o)
                0x0000000008000b6c                __unorddf2
                0x0000000008000b6c                __aeabi_dcmpun
 .text          0x0000000008000b98       0x50 c:/st/stm32cubeide_1.7.0/stm32cubeide/plugins/com.st.stm32cube.ide.mcu.externaltools.gnu-tools-for-stm32.9-2020-q2-update.win32_2.0.0.202105311346/tools/bin/../lib/gcc/arm-none-eabi/9.3.1/thumb/v7e-m+fp/hard\libgcc.a(_arm_fixdfsi.o)
                0x0000000008000b98                __aeabi_d2iz
                0x0000000008000b98                __fixdfsi
 .text          0x0000000008000be8       0xa0 c:/st/stm32cubeide_1.7.0/stm32cubeide/plugins/com.st.stm32cube.ide.mcu.externaltools.gnu-tools-for-stm32.9-2020-q2-update.win32_2.0.0.202105311346/tools/bin/../lib/gcc/arm-none-eabi/9.3.1/thumb/v7e-m+fp/hard\libgcc.a(_arm_truncdfsf2.o)
                0x0000000008000be8                __truncdfsf2
                0x0000000008000be8                __aeabi_d2f
 .text          0x0000000008000c88       0x30 c:/st/stm32cubeide_1.7.0/stm32cubeide/plugins/com.st.stm32cube.ide.mcu.externaltools.gnu-tools-for-stm32.9-2020-q2-update.win32_2.0.0.202105311346/tools/bin/../lib/gcc/arm-none-eabi/9.3.1/thumb/v7e-m+fp/hard\libgcc.a(_aeabi_uldivmod.o)
                0x0000000008000c88                __aeabi_uldivmod
 .text          0x0000000008000cb8      0x2c4 c:/st/stm32cubeide_1.7.0/stm32cubeide/plugins/com.st.stm32cube.ide.mcu.externaltools.gnu-tools-for-stm32.9-2020-q2-update.win32_2.0.0.202105311346/tools/bin/../lib/gcc/arm-none-eabi/9.3.1/thumb/v7e-m+fp/hard\libgcc.a(_udivmoddi4.o)
                0x0000000008000cb8                __udivmoddi4
 .text          0x0000000008000f7c        0x4 c:/st/stm32cubeide_1.7.0/stm32cubeide/plugins/com.st.stm32cube.ide.mcu.externaltools.gnu-tools-for-stm32.9-2020-q2-update.win32_2.0.0.202105311346/tools/bin/../lib/gcc/arm-none-eabi/9.3.1/thumb/v7e-m+fp/hard\libgcc.a(_dvmd_tls.o)
                0x0000000008000f7c                __aeabi_idiv0
                0x0000000008000f7c                __aeabi_ldiv0
 *(.text*)
 .text.BMP280_Read8
                0x0000000008000f80       0x3c ./Core/Src/BMXX80.o
                0x0000000008000f80                BMP280_Read8
 .text.BMP280_Read16
                0x0000000008000fbc       0x44 ./Core/Src/BMXX80.o
                0x0000000008000fbc                BMP280_Read16
 .text.BMP280_Read16LE
                0x0000000008001000       0x32 ./Core/Src/BMXX80.o
                0x0000000008001000                BMP280_Read16LE
 *fill*         0x0000000008001032        0x2 
 .text.BMP280_Write8
                0x0000000008001034       0x38 ./Core/Src/BMXX80.o
                0x0000000008001034                BMP280_Write8
 .text.BMP280_Read24
                0x000000000800106c       0x44 ./Core/Src/BMXX80.o
                0x000000000800106c                BMP280_Read24
 .text.BMP280_Init
                0x00000000080010b0      0x17c ./Core/Src/BMXX80.o
                0x00000000080010b0                BMP280_Init
 .text.BMP280_ReadTemperature
                0x000000000800122c      0x118 ./Core/Src/BMXX80.o
                0x000000000800122c                BMP280_ReadTemperature
 .text.calculate_discrete_pid
                0x0000000008001344      0x102 ./Core/Src/PID_discrete_simple.o
                0x0000000008001344                calculate_discrete_pid
 *fill*         0x0000000008001446        0x2 
 .text.MX_GPIO_Init
                0x0000000008001448      0x1e4 ./Core/Src/gpio.o
                0x0000000008001448                MX_GPIO_Init
 .text.MX_I2C1_Init
                0x000000000800162c       0x80 ./Core/Src/i2c.o
                0x000000000800162c                MX_I2C1_Init
 .text.MX_I2C4_Init
                0x00000000080016ac       0x80 ./Core/Src/i2c.o
                0x00000000080016ac                MX_I2C4_Init
 .text.HAL_I2C_MspInit
                0x000000000800172c       0xf0 ./Core/Src/i2c.o
                0x000000000800172c                HAL_I2C_MspInit
 .text.lcd_init
                0x000000000800181c       0x80 ./Core/Src/lcd_i2c.o
                0x000000000800181c                lcd_init
 .text.lcd_write
                0x000000000800189c       0x8c ./Core/Src/lcd_i2c.o
                0x000000000800189c                lcd_write
 .text.lcd_display
                0x0000000008001928       0xaa ./Core/Src/lcd_i2c.o
                0x0000000008001928                lcd_display
 .text.lcd_clear
                0x00000000080019d2       0x30 ./Core/Src/lcd_i2c.o
                0x00000000080019d2                lcd_clear
 *fill*         0x0000000008001a02        0x2 
 .text.main     0x0000000008001a04      0x13c ./Core/Src/main.o
                0x0000000008001a04                main
 .text.SystemClock_Config
                0x0000000008001b40      0x128 ./Core/Src/main.o
                0x0000000008001b40                SystemClock_Config
 .text.HAL_TIM_PeriodElapsedCallback
                0x0000000008001c68       0xd0 ./Core/Src/main.o
                0x0000000008001c68                HAL_TIM_PeriodElapsedCallback
 .text.HAL_UART_RxCpltCallback
                0x0000000008001d38       0x70 ./Core/Src/main.o
                0x0000000008001d38                HAL_UART_RxCpltCallback
 .text.Error_Handler
                0x0000000008001da8        0xa ./Core/Src/main.o
                0x0000000008001da8                Error_Handler
 *fill*         0x0000000008001db2        0x2 
 .text.HAL_MspInit
                0x0000000008001db4       0x48 ./Core/Src/stm32f7xx_hal_msp.o
                0x0000000008001db4                HAL_MspInit
 .text.NMI_Handler
                0x0000000008001dfc        0x6 ./Core/Src/stm32f7xx_it.o
                0x0000000008001dfc                NMI_Handler
 .text.HardFault_Handler
                0x0000000008001e02        0x6 ./Core/Src/stm32f7xx_it.o
                0x0000000008001e02                HardFault_Handler
 .text.MemManage_Handler
                0x0000000008001e08        0x6 ./Core/Src/stm32f7xx_it.o
                0x0000000008001e08                MemManage_Handler
 .text.BusFault_Handler
                0x0000000008001e0e        0x6 ./Core/Src/stm32f7xx_it.o
                0x0000000008001e0e                BusFault_Handler
 .text.UsageFault_Handler
                0x0000000008001e14        0x6 ./Core/Src/stm32f7xx_it.o
                0x0000000008001e14                UsageFault_Handler
 .text.SVC_Handler
                0x0000000008001e1a        0xe ./Core/Src/stm32f7xx_it.o
                0x0000000008001e1a                SVC_Handler
 .text.DebugMon_Handler
                0x0000000008001e28        0xe ./Core/Src/stm32f7xx_it.o
                0x0000000008001e28                DebugMon_Handler
 .text.PendSV_Handler
                0x0000000008001e36        0xe ./Core/Src/stm32f7xx_it.o
                0x0000000008001e36                PendSV_Handler
 .text.SysTick_Handler
                0x0000000008001e44        0xc ./Core/Src/stm32f7xx_it.o
                0x0000000008001e44                SysTick_Handler
 .text.TIM3_IRQHandler
                0x0000000008001e50       0x14 ./Core/Src/stm32f7xx_it.o
                0x0000000008001e50                TIM3_IRQHandler
 .text.USART3_IRQHandler
                0x0000000008001e64       0x14 ./Core/Src/stm32f7xx_it.o
                0x0000000008001e64                USART3_IRQHandler
 .text._getpid  0x0000000008001e78       0x10 ./Core/Src/syscalls.o
                0x0000000008001e78                _getpid
 .text._kill    0x0000000008001e88       0x20 ./Core/Src/syscalls.o
                0x0000000008001e88                _kill
 .text._exit    0x0000000008001ea8       0x14 ./Core/Src/syscalls.o
                0x0000000008001ea8                _exit
 .text._read    0x0000000008001ebc       0x3a ./Core/Src/syscalls.o
                0x0000000008001ebc                _read
 .text._write   0x0000000008001ef6       0x38 ./Core/Src/syscalls.o
                0x0000000008001ef6                _write
 .text._close   0x0000000008001f2e       0x18 ./Core/Src/syscalls.o
                0x0000000008001f2e                _close
 .text._fstat   0x0000000008001f46       0x20 ./Core/Src/syscalls.o
                0x0000000008001f46                _fstat
 .text._isatty  0x0000000008001f66       0x16 ./Core/Src/syscalls.o
                0x0000000008001f66                _isatty
 .text._lseek   0x0000000008001f7c       0x1a ./Core/Src/syscalls.o
                0x0000000008001f7c                _lseek
 *fill*         0x0000000008001f96        0x2 
 .text._sbrk    0x0000000008001f98       0x6c ./Core/Src/sysmem.o
                0x0000000008001f98                _sbrk
 .text.SystemInit
                0x0000000008002004       0x24 ./Core/Src/system_stm32f7xx.o
                0x0000000008002004                SystemInit
 .text.MX_TIM1_Init
                0x0000000008002028      0x158 ./Core/Src/tim.o
                0x0000000008002028                MX_TIM1_Init
 .text.MX_TIM3_Init
                0x0000000008002180       0xf0 ./Core/Src/tim.o
                0x0000000008002180                MX_TIM3_Init
 .text.HAL_TIM_Base_MspInit
                0x0000000008002270       0x74 ./Core/Src/tim.o
                0x0000000008002270                HAL_TIM_Base_MspInit
 .text.HAL_TIM_MspPostInit
                0x00000000080022e4       0xc0 ./Core/Src/tim.o
                0x00000000080022e4                HAL_TIM_MspPostInit
 .text.MX_USART3_UART_Init
                0x00000000080023a4       0x60 ./Core/Src/usart.o
                0x00000000080023a4                MX_USART3_UART_Init
 .text.HAL_UART_MspInit
                0x0000000008002404       0x98 ./Core/Src/usart.o
                0x0000000008002404                HAL_UART_MspInit
 .text.MX_USB_OTG_FS_PCD_Init
                0x000000000800249c       0x5c ./Core/Src/usb_otg.o
                0x000000000800249c                MX_USB_OTG_FS_PCD_Init
 .text.HAL_PCD_MspInit
                0x00000000080024f8       0xb8 ./Core/Src/usb_otg.o
                0x00000000080024f8                HAL_PCD_MspInit
 .text.Reset_Handler
                0x00000000080025b0       0x50 ./Core/Startup/startup_stm32f746zgtx.o
                0x00000000080025b0                Reset_Handler
 .text.Default_Handler
                0x0000000008002600        0x2 ./Core/Startup/startup_stm32f746zgtx.o
                0x0000000008002600                RTC_Alarm_IRQHandler
                0x0000000008002600                EXTI2_IRQHandler
                0x0000000008002600                TIM8_CC_IRQHandler
                0x0000000008002600                UART8_IRQHandler
                0x0000000008002600                SPI4_IRQHandler
                0x0000000008002600                TIM1_CC_IRQHandler
                0x0000000008002600                DMA2_Stream5_IRQHandler
                0x0000000008002600                DMA1_Stream5_IRQHandler
                0x0000000008002600                PVD_IRQHandler
                0x0000000008002600                TAMP_STAMP_IRQHandler
                0x0000000008002600                CAN2_RX1_IRQHandler
                0x0000000008002600                EXTI3_IRQHandler
                0x0000000008002600                TIM8_TRG_COM_TIM14_IRQHandler
                0x0000000008002600                TIM1_UP_TIM10_IRQHandler
                0x0000000008002600                TIM8_UP_TIM13_IRQHandler
                0x0000000008002600                I2C3_ER_IRQHandler
                0x0000000008002600                EXTI0_IRQHandler
                0x0000000008002600                I2C2_EV_IRQHandler
                0x0000000008002600                DMA1_Stream2_IRQHandler
                0x0000000008002600                CAN1_RX0_IRQHandler
                0x0000000008002600                FPU_IRQHandler
                0x0000000008002600                OTG_HS_WKUP_IRQHandler
                0x0000000008002600                LTDC_ER_IRQHandler
                0x0000000008002600                CAN2_SCE_IRQHandler
                0x0000000008002600                DMA2_Stream2_IRQHandler
                0x0000000008002600                SPI1_IRQHandler
                0x0000000008002600                TIM6_DAC_IRQHandler
                0x0000000008002600                TIM1_BRK_TIM9_IRQHandler
                0x0000000008002600                DCMI_IRQHandler
                0x0000000008002600                CAN2_RX0_IRQHandler
                0x0000000008002600                DMA2_Stream3_IRQHandler
                0x0000000008002600                SAI2_IRQHandler
                0x0000000008002600                USART6_IRQHandler
                0x0000000008002600                CAN1_RX1_IRQHandler
                0x0000000008002600                UART5_IRQHandler
                0x0000000008002600                DMA2_Stream0_IRQHandler
                0x0000000008002600                TIM4_IRQHandler
                0x0000000008002600                QUADSPI_IRQHandler
                0x0000000008002600                I2C1_EV_IRQHandler
                0x0000000008002600                DMA1_Stream6_IRQHandler
                0x0000000008002600                DMA1_Stream1_IRQHandler
                0x0000000008002600                UART4_IRQHandler
                0x0000000008002600                RCC_IRQHandler
                0x0000000008002600                TIM8_BRK_TIM12_IRQHandler
                0x0000000008002600                Default_Handler
                0x0000000008002600                CEC_IRQHandler
                0x0000000008002600                EXTI15_10_IRQHandler
                0x0000000008002600                ADC_IRQHandler
                0x0000000008002600                DMA1_Stream7_IRQHandler
                0x0000000008002600                SPI5_IRQHandler
                0x0000000008002600                TIM7_IRQHandler
                0x0000000008002600                SDMMC1_IRQHandler
                0x0000000008002600                CAN2_TX_IRQHandler
                0x0000000008002600                TIM5_IRQHandler
                0x0000000008002600                DMA2_Stream7_IRQHandler
                0x0000000008002600                I2C3_EV_IRQHandler
                0x0000000008002600                EXTI9_5_IRQHandler
                0x0000000008002600                RTC_WKUP_IRQHandler
                0x0000000008002600                LTDC_IRQHandler
                0x0000000008002600                ETH_WKUP_IRQHandler
                0x0000000008002600                SPDIF_RX_IRQHandler
                0x0000000008002600                SPI2_IRQHandler
                0x0000000008002600                OTG_HS_EP1_IN_IRQHandler
                0x0000000008002600                DMA1_Stream0_IRQHandler
                0x0000000008002600                CAN1_TX_IRQHandler
                0x0000000008002600                EXTI4_IRQHandler
                0x0000000008002600                RNG_IRQHandler
                0x0000000008002600                ETH_IRQHandler
                0x0000000008002600                OTG_HS_EP1_OUT_IRQHandler
                0x0000000008002600                WWDG_IRQHandler
                0x0000000008002600                SPI6_IRQHandler
                0x0000000008002600                I2C4_EV_IRQHandler
                0x0000000008002600                TIM2_IRQHandler
                0x0000000008002600                OTG_FS_WKUP_IRQHandler
                0x0000000008002600                TIM1_TRG_COM_TIM11_IRQHandler
                0x0000000008002600                OTG_HS_IRQHandler
                0x0000000008002600                DMA2D_IRQHandler
                0x0000000008002600                EXTI1_IRQHandler
                0x0000000008002600                UART7_IRQHandler
                0x0000000008002600                USART2_IRQHandler
                0x0000000008002600                I2C2_ER_IRQHandler
                0x0000000008002600                DMA2_Stream1_IRQHandler
                0x0000000008002600                CAN1_SCE_IRQHandler
                0x0000000008002600                FLASH_IRQHandler
                0x0000000008002600                DMA2_Stream4_IRQHandler
                0x0000000008002600                USART1_IRQHandler
                0x0000000008002600                OTG_FS_IRQHandler
                0x0000000008002600                SPI3_IRQHandler
                0x0000000008002600                DMA1_Stream4_IRQHandler
                0x0000000008002600                I2C1_ER_IRQHandler
                0x0000000008002600                FMC_IRQHandler
                0x0000000008002600                LPTIM1_IRQHandler
                0x0000000008002600                I2C4_ER_IRQHandler
                0x0000000008002600                DMA2_Stream6_IRQHandler
                0x0000000008002600                SAI1_IRQHandler
                0x0000000008002600                DMA1_Stream3_IRQHandler
 .text.HAL_Init
                0x0000000008002602       0x1a ./Drivers/STM32F7xx_HAL_Driver/Src/stm32f7xx_hal.o
                0x0000000008002602                HAL_Init
 .text.HAL_InitTick
                0x000000000800261c       0x60 ./Drivers/STM32F7xx_HAL_Driver/Src/stm32f7xx_hal.o
                0x000000000800261c                HAL_InitTick
 .text.HAL_IncTick
                0x000000000800267c       0x28 ./Drivers/STM32F7xx_HAL_Driver/Src/stm32f7xx_hal.o
                0x000000000800267c                HAL_IncTick
 .text.HAL_GetTick
                0x00000000080026a4       0x18 ./Drivers/STM32F7xx_HAL_Driver/Src/stm32f7xx_hal.o
                0x00000000080026a4                HAL_GetTick
 .text.HAL_Delay
                0x00000000080026bc       0x48 ./Drivers/STM32F7xx_HAL_Driver/Src/stm32f7xx_hal.o
                0x00000000080026bc                HAL_Delay
 .text.__NVIC_SetPriorityGrouping
                0x0000000008002704       0x48 ./Drivers/STM32F7xx_HAL_Driver/Src/stm32f7xx_hal_cortex.o
 .text.__NVIC_GetPriorityGrouping
                0x000000000800274c       0x1c ./Drivers/STM32F7xx_HAL_Driver/Src/stm32f7xx_hal_cortex.o
 .text.__NVIC_EnableIRQ
                0x0000000008002768       0x3c ./Drivers/STM32F7xx_HAL_Driver/Src/stm32f7xx_hal_cortex.o
 .text.__NVIC_SetPriority
                0x00000000080027a4       0x54 ./Drivers/STM32F7xx_HAL_Driver/Src/stm32f7xx_hal_cortex.o
 .text.NVIC_EncodePriority
                0x00000000080027f8       0x66 ./Drivers/STM32F7xx_HAL_Driver/Src/stm32f7xx_hal_cortex.o
 *fill*         0x000000000800285e        0x2 
 .text.SysTick_Config
                0x0000000008002860       0x44 ./Drivers/STM32F7xx_HAL_Driver/Src/stm32f7xx_hal_cortex.o
 .text.HAL_NVIC_SetPriorityGrouping
                0x00000000080028a4       0x16 ./Drivers/STM32F7xx_HAL_Driver/Src/stm32f7xx_hal_cortex.o
                0x00000000080028a4                HAL_NVIC_SetPriorityGrouping
 .text.HAL_NVIC_SetPriority
                0x00000000080028ba       0x38 ./Drivers/STM32F7xx_HAL_Driver/Src/stm32f7xx_hal_cortex.o
                0x00000000080028ba                HAL_NVIC_SetPriority
 .text.HAL_NVIC_EnableIRQ
                0x00000000080028f2       0x1c ./Drivers/STM32F7xx_HAL_Driver/Src/stm32f7xx_hal_cortex.o
                0x00000000080028f2                HAL_NVIC_EnableIRQ
 .text.HAL_SYSTICK_Config
                0x000000000800290e       0x18 ./Drivers/STM32F7xx_HAL_Driver/Src/stm32f7xx_hal_cortex.o
                0x000000000800290e                HAL_SYSTICK_Config
 .text.HAL_DMA_Abort
                0x0000000008002926       0xe0 ./Drivers/STM32F7xx_HAL_Driver/Src/stm32f7xx_hal_dma.o
                0x0000000008002926                HAL_DMA_Abort
 .text.HAL_DMA_Abort_IT
                0x0000000008002a06       0x44 ./Drivers/STM32F7xx_HAL_Driver/Src/stm32f7xx_hal_dma.o
                0x0000000008002a06                HAL_DMA_Abort_IT
 *fill*         0x0000000008002a4a        0x2 
 .text.HAL_GPIO_Init
                0x0000000008002a4c      0x358 ./Drivers/STM32F7xx_HAL_Driver/Src/stm32f7xx_hal_gpio.o
                0x0000000008002a4c                HAL_GPIO_Init
 .text.HAL_GPIO_ReadPin
                0x0000000008002da4       0x30 ./Drivers/STM32F7xx_HAL_Driver/Src/stm32f7xx_hal_gpio.o
                0x0000000008002da4                HAL_GPIO_ReadPin
 .text.HAL_GPIO_WritePin
                0x0000000008002dd4       0x32 ./Drivers/STM32F7xx_HAL_Driver/Src/stm32f7xx_hal_gpio.o
                0x0000000008002dd4                HAL_GPIO_WritePin
 *fill*         0x0000000008002e06        0x2 
 .text.HAL_I2C_Init
                0x0000000008002e08      0x120 ./Drivers/STM32F7xx_HAL_Driver/Src/stm32f7xx_hal_i2c.o
                0x0000000008002e08                HAL_I2C_Init
 .text.HAL_I2C_Master_Transmit
                0x0000000008002f28      0x1e8 ./Drivers/STM32F7xx_HAL_Driver/Src/stm32f7xx_hal_i2c.o
                0x0000000008002f28                HAL_I2C_Master_Transmit
 .text.HAL_I2C_Mem_Write
                0x0000000008003110      0x228 ./Drivers/STM32F7xx_HAL_Driver/Src/stm32f7xx_hal_i2c.o
                0x0000000008003110                HAL_I2C_Mem_Write
 .text.HAL_I2C_Mem_Read
                0x0000000008003338      0x234 ./Drivers/STM32F7xx_HAL_Driver/Src/stm32f7xx_hal_i2c.o
                0x0000000008003338                HAL_I2C_Mem_Read
 .text.I2C_RequestMemoryWrite
                0x000000000800356c       0xa8 ./Drivers/STM32F7xx_HAL_Driver/Src/stm32f7xx_hal_i2c.o
 .text.I2C_RequestMemoryRead
                0x0000000008003614       0xa8 ./Drivers/STM32F7xx_HAL_Driver/Src/stm32f7xx_hal_i2c.o
 .text.I2C_Flush_TXDR
                0x00000000080036bc       0x48 ./Drivers/STM32F7xx_HAL_Driver/Src/stm32f7xx_hal_i2c.o
 .text.I2C_WaitOnFlagUntilTimeout
                0x0000000008003704       0x80 ./Drivers/STM32F7xx_HAL_Driver/Src/stm32f7xx_hal_i2c.o
 .text.I2C_WaitOnTXISFlagUntilTimeout
                0x0000000008003784       0x80 ./Drivers/STM32F7xx_HAL_Driver/Src/stm32f7xx_hal_i2c.o
 .text.I2C_WaitOnSTOPFlagUntilTimeout
                0x0000000008003804       0x78 ./Drivers/STM32F7xx_HAL_Driver/Src/stm32f7xx_hal_i2c.o
 .text.I2C_IsErrorOccurred
                0x000000000800387c      0x1d8 ./Drivers/STM32F7xx_HAL_Driver/Src/stm32f7xx_hal_i2c.o
 .text.I2C_TransferConfig
                0x0000000008003a54       0x64 ./Drivers/STM32F7xx_HAL_Driver/Src/stm32f7xx_hal_i2c.o
 .text.HAL_I2CEx_ConfigAnalogFilter
                0x0000000008003ab8       0x96 ./Drivers/STM32F7xx_HAL_Driver/Src/stm32f7xx_hal_i2c_ex.o
                0x0000000008003ab8                HAL_I2CEx_ConfigAnalogFilter
 .text.HAL_I2CEx_ConfigDigitalFilter
                0x0000000008003b4e       0x98 ./Drivers/STM32F7xx_HAL_Driver/Src/stm32f7xx_hal_i2c_ex.o
                0x0000000008003b4e                HAL_I2CEx_ConfigDigitalFilter
 .text.HAL_PCD_Init
                0x0000000008003be6      0x248 ./Drivers/STM32F7xx_HAL_Driver/Src/stm32f7xx_hal_pcd.o
                0x0000000008003be6                HAL_PCD_Init
 *fill*         0x0000000008003e2e        0x2 
 .text.HAL_PCDEx_ActivateLPM
                0x0000000008003e30       0x48 ./Drivers/STM32F7xx_HAL_Driver/Src/stm32f7xx_hal_pcd_ex.o
                0x0000000008003e30                HAL_PCDEx_ActivateLPM
 .text.HAL_PWR_EnableBkUpAccess
                0x0000000008003e78       0x20 ./Drivers/STM32F7xx_HAL_Driver/Src/stm32f7xx_hal_pwr.o
                0x0000000008003e78                HAL_PWR_EnableBkUpAccess
 .text.HAL_RCC_OscConfig
                0x0000000008003e98      0x548 ./Drivers/STM32F7xx_HAL_Driver/Src/stm32f7xx_hal_rcc.o
                0x0000000008003e98                HAL_RCC_OscConfig
 .text.HAL_RCC_ClockConfig
                0x00000000080043e0      0x1d8 ./Drivers/STM32F7xx_HAL_Driver/Src/stm32f7xx_hal_rcc.o
                0x00000000080043e0                HAL_RCC_ClockConfig
 .text.HAL_RCC_GetSysClockFreq
                0x00000000080045b8      0x1c4 ./Drivers/STM32F7xx_HAL_Driver/Src/stm32f7xx_hal_rcc.o
                0x00000000080045b8                HAL_RCC_GetSysClockFreq
 .text.HAL_RCC_GetHCLKFreq
                0x000000000800477c       0x18 ./Drivers/STM32F7xx_HAL_Driver/Src/stm32f7xx_hal_rcc.o
                0x000000000800477c                HAL_RCC_GetHCLKFreq
 .text.HAL_RCC_GetPCLK1Freq
                0x0000000008004794       0x28 ./Drivers/STM32F7xx_HAL_Driver/Src/stm32f7xx_hal_rcc.o
                0x0000000008004794                HAL_RCC_GetPCLK1Freq
 .text.HAL_RCC_GetPCLK2Freq
                0x00000000080047bc       0x28 ./Drivers/STM32F7xx_HAL_Driver/Src/stm32f7xx_hal_rcc.o
                0x00000000080047bc                HAL_RCC_GetPCLK2Freq
 .text.HAL_RCCEx_PeriphCLKConfig
                0x00000000080047e4      0x7e0 ./Drivers/STM32F7xx_HAL_Driver/Src/stm32f7xx_hal_rcc_ex.o
                0x00000000080047e4                HAL_RCCEx_PeriphCLKConfig
 .text.HAL_TIM_Base_Init
                0x0000000008004fc4       0xae ./Drivers/STM32F7xx_HAL_Driver/Src/stm32f7xx_hal_tim.o
                0x0000000008004fc4                HAL_TIM_Base_Init
 *fill*         0x0000000008005072        0x2 
 .text.HAL_TIM_Base_Start_IT
                0x0000000008005074       0xf0 ./Drivers/STM32F7xx_HAL_Driver/Src/stm32f7xx_hal_tim.o
                0x0000000008005074                HAL_TIM_Base_Start_IT
 .text.HAL_TIM_OC_Init
                0x0000000008005164       0xae ./Drivers/STM32F7xx_HAL_Driver/Src/stm32f7xx_hal_tim.o
                0x0000000008005164                HAL_TIM_OC_Init
 .text.HAL_TIM_OC_MspInit
                0x0000000008005212       0x14 ./Drivers/STM32F7xx_HAL_Driver/Src/stm32f7xx_hal_tim.o
                0x0000000008005212                HAL_TIM_OC_MspInit
 .text.HAL_TIM_PWM_Init
                0x0000000008005226       0xae ./Drivers/STM32F7xx_HAL_Driver/Src/stm32f7xx_hal_tim.o
                0x0000000008005226                HAL_TIM_PWM_Init
 .text.HAL_TIM_PWM_MspInit
                0x00000000080052d4       0x14 ./Drivers/STM32F7xx_HAL_Driver/Src/stm32f7xx_hal_tim.o
                0x00000000080052d4                HAL_TIM_PWM_MspInit
 .text.HAL_TIM_PWM_Start
                0x00000000080052e8      0x1f4 ./Drivers/STM32F7xx_HAL_Driver/Src/stm32f7xx_hal_tim.o
                0x00000000080052e8                HAL_TIM_PWM_Start
 .text.HAL_TIM_IRQHandler
                0x00000000080054dc      0x23e ./Drivers/STM32F7xx_HAL_Driver/Src/stm32f7xx_hal_tim.o
                0x00000000080054dc                HAL_TIM_IRQHandler
 *fill*         0x000000000800571a        0x2 
 .text.HAL_TIM_OC_ConfigChannel
                0x000000000800571c       0xf4 ./Drivers/STM32F7xx_HAL_Driver/Src/stm32f7xx_hal_tim.o
                0x000000000800571c                HAL_TIM_OC_ConfigChannel
 .text.HAL_TIM_PWM_ConfigChannel
                0x0000000008005810      0x228 ./Drivers/STM32F7xx_HAL_Driver/Src/stm32f7xx_hal_tim.o
                0x0000000008005810                HAL_TIM_PWM_ConfigChannel
 .text.HAL_TIM_ConfigClockSource
                0x0000000008005a38      0x194 ./Drivers/STM32F7xx_HAL_Driver/Src/stm32f7xx_hal_tim.o
                0x0000000008005a38                HAL_TIM_ConfigClockSource
 .text.HAL_TIM_OC_DelayElapsedCallback
                0x0000000008005bcc       0x14 ./Drivers/STM32F7xx_HAL_Driver/Src/stm32f7xx_hal_tim.o
                0x0000000008005bcc                HAL_TIM_OC_DelayElapsedCallback
 .text.HAL_TIM_IC_CaptureCallback
                0x0000000008005be0       0x14 ./Drivers/STM32F7xx_HAL_Driver/Src/stm32f7xx_hal_tim.o
                0x0000000008005be0                HAL_TIM_IC_CaptureCallback
 .text.HAL_TIM_PWM_PulseFinishedCallback
                0x0000000008005bf4       0x14 ./Drivers/STM32F7xx_HAL_Driver/Src/stm32f7xx_hal_tim.o
                0x0000000008005bf4                HAL_TIM_PWM_PulseFinishedCallback
 .text.HAL_TIM_TriggerCallback
                0x0000000008005c08       0x14 ./Drivers/STM32F7xx_HAL_Driver/Src/stm32f7xx_hal_tim.o
                0x0000000008005c08                HAL_TIM_TriggerCallback
 .text.TIM_Base_SetConfig
                0x0000000008005c1c      0x140 ./Drivers/STM32F7xx_HAL_Driver/Src/stm32f7xx_hal_tim.o
                0x0000000008005c1c                TIM_Base_SetConfig
 .text.TIM_OC1_SetConfig
                0x0000000008005d5c       0xe4 ./Drivers/STM32F7xx_HAL_Driver/Src/stm32f7xx_hal_tim.o
 .text.TIM_OC2_SetConfig
                0x0000000008005e40       0xf0 ./Drivers/STM32F7xx_HAL_Driver/Src/stm32f7xx_hal_tim.o
                0x0000000008005e40                TIM_OC2_SetConfig
 .text.TIM_OC3_SetConfig
                0x0000000008005f30       0xec ./Drivers/STM32F7xx_HAL_Driver/Src/stm32f7xx_hal_tim.o
 .text.TIM_OC4_SetConfig
                0x000000000800601c       0xb0 ./Drivers/STM32F7xx_HAL_Driver/Src/stm32f7xx_hal_tim.o
 .text.TIM_OC5_SetConfig
                0x00000000080060cc       0xa4 ./Drivers/STM32F7xx_HAL_Driver/Src/stm32f7xx_hal_tim.o
 .text.TIM_OC6_SetConfig
                0x0000000008006170       0xa8 ./Drivers/STM32F7xx_HAL_Driver/Src/stm32f7xx_hal_tim.o
 .text.TIM_TI1_ConfigInputStage
                0x0000000008006218       0x5e ./Drivers/STM32F7xx_HAL_Driver/Src/stm32f7xx_hal_tim.o
 .text.TIM_TI2_ConfigInputStage
                0x0000000008006276       0x60 ./Drivers/STM32F7xx_HAL_Driver/Src/stm32f7xx_hal_tim.o
 .text.TIM_ITRx_SetConfig
                0x00000000080062d6       0x36 ./Drivers/STM32F7xx_HAL_Driver/Src/stm32f7xx_hal_tim.o
 .text.TIM_ETR_SetConfig
                0x000000000800630c       0x40 ./Drivers/STM32F7xx_HAL_Driver/Src/stm32f7xx_hal_tim.o
                0x000000000800630c                TIM_ETR_SetConfig
 .text.TIM_CCxChannelCmd
                0x000000000800634c       0x4a ./Drivers/STM32F7xx_HAL_Driver/Src/stm32f7xx_hal_tim.o
                0x000000000800634c                TIM_CCxChannelCmd
 *fill*         0x0000000008006396        0x2 
 .text.HAL_TIMEx_MasterConfigSynchronization
                0x0000000008006398      0x11c ./Drivers/STM32F7xx_HAL_Driver/Src/stm32f7xx_hal_tim_ex.o
                0x0000000008006398                HAL_TIMEx_MasterConfigSynchronization
 .text.HAL_TIMEx_ConfigBreakDeadTime
                0x00000000080064b4       0xfc ./Drivers/STM32F7xx_HAL_Driver/Src/stm32f7xx_hal_tim_ex.o
                0x00000000080064b4                HAL_TIMEx_ConfigBreakDeadTime
 .text.HAL_TIMEx_CommutCallback
                0x00000000080065b0       0x14 ./Drivers/STM32F7xx_HAL_Driver/Src/stm32f7xx_hal_tim_ex.o
                0x00000000080065b0                HAL_TIMEx_CommutCallback
 .text.HAL_TIMEx_BreakCallback
                0x00000000080065c4       0x14 ./Drivers/STM32F7xx_HAL_Driver/Src/stm32f7xx_hal_tim_ex.o
                0x00000000080065c4                HAL_TIMEx_BreakCallback
 .text.HAL_TIMEx_Break2Callback
                0x00000000080065d8       0x14 ./Drivers/STM32F7xx_HAL_Driver/Src/stm32f7xx_hal_tim_ex.o
                0x00000000080065d8                HAL_TIMEx_Break2Callback
 .text.HAL_UART_Init
                0x00000000080065ec       0x9c ./Drivers/STM32F7xx_HAL_Driver/Src/stm32f7xx_hal_uart.o
                0x00000000080065ec                HAL_UART_Init
 .text.HAL_UART_Transmit
                0x0000000008006688      0x126 ./Drivers/STM32F7xx_HAL_Driver/Src/stm32f7xx_hal_uart.o
                0x0000000008006688                HAL_UART_Transmit
 .text.HAL_UART_Receive
                0x00000000080067ae      0x1a0 ./Drivers/STM32F7xx_HAL_Driver/Src/stm32f7xx_hal_uart.o
                0x00000000080067ae                HAL_UART_Receive
 .text.HAL_UART_Receive_IT
                0x000000000800694e       0x9c ./Drivers/STM32F7xx_HAL_Driver/Src/stm32f7xx_hal_uart.o
                0x000000000800694e                HAL_UART_Receive_IT
 *fill*         0x00000000080069ea        0x2 
 .text.HAL_UART_IRQHandler
                0x00000000080069ec      0x594 ./Drivers/STM32F7xx_HAL_Driver/Src/stm32f7xx_hal_uart.o
                0x00000000080069ec                HAL_UART_IRQHandler
 .text.HAL_UART_TxCpltCallback
                0x0000000008006f80       0x14 ./Drivers/STM32F7xx_HAL_Driver/Src/stm32f7xx_hal_uart.o
                0x0000000008006f80                HAL_UART_TxCpltCallback
 .text.HAL_UART_ErrorCallback
                0x0000000008006f94       0x14 ./Drivers/STM32F7xx_HAL_Driver/Src/stm32f7xx_hal_uart.o
                0x0000000008006f94                HAL_UART_ErrorCallback
 .text.HAL_UARTEx_RxEventCallback
                0x0000000008006fa8       0x18 ./Drivers/STM32F7xx_HAL_Driver/Src/stm32f7xx_hal_uart.o
                0x0000000008006fa8                HAL_UARTEx_RxEventCallback
 .text.UART_SetConfig
                0x0000000008006fc0      0x4c4 ./Drivers/STM32F7xx_HAL_Driver/Src/stm32f7xx_hal_uart.o
                0x0000000008006fc0                UART_SetConfig
 .text.UART_AdvFeatureConfig
                0x0000000008007484      0x144 ./Drivers/STM32F7xx_HAL_Driver/Src/stm32f7xx_hal_uart.o
                0x0000000008007484                UART_AdvFeatureConfig
 .text.UART_CheckIdleState
                0x00000000080075c8       0x66 ./Drivers/STM32F7xx_HAL_Driver/Src/stm32f7xx_hal_uart.o
                0x00000000080075c8                UART_CheckIdleState
 .text.UART_WaitOnFlagUntilTimeout
                0x000000000800762e      0x188 ./Drivers/STM32F7xx_HAL_Driver/Src/stm32f7xx_hal_uart.o
                0x000000000800762e                UART_WaitOnFlagUntilTimeout
 *fill*         0x00000000080077b6        0x2 
 .text.UART_Start_Receive_IT
                0x00000000080077b8      0x194 ./Drivers/STM32F7xx_HAL_Driver/Src/stm32f7xx_hal_uart.o
                0x00000000080077b8                UART_Start_Receive_IT
 .text.UART_EndRxTransfer
                0x000000000800794c       0xc6 ./Drivers/STM32F7xx_HAL_Driver/Src/stm32f7xx_hal_uart.o
 .text.UART_DMAAbortOnError
                0x0000000008007a12       0x2c ./Drivers/STM32F7xx_HAL_Driver/Src/stm32f7xx_hal_uart.o
 .text.UART_EndTransmit_IT
                0x0000000008007a3e       0x54 ./Drivers/STM32F7xx_HAL_Driver/Src/stm32f7xx_hal_uart.o
 .text.UART_RxISR_8BIT
                0x0000000008007a92      0x15c ./Drivers/STM32F7xx_HAL_Driver/Src/stm32f7xx_hal_uart.o
 .text.UART_RxISR_16BIT
                0x0000000008007bee      0x15c ./Drivers/STM32F7xx_HAL_Driver/Src/stm32f7xx_hal_uart.o
 *fill*         0x0000000008007d4a        0x2 
 .text.USB_CoreInit
                0x0000000008007d4c       0xb0 ./Drivers/STM32F7xx_HAL_Driver/Src/stm32f7xx_ll_usb.o
                0x0000000008007d4c                USB_CoreInit
 .text.USB_DisableGlobalInt
                0x0000000008007dfc       0x22 ./Drivers/STM32F7xx_HAL_Driver/Src/stm32f7xx_ll_usb.o
                0x0000000008007dfc                USB_DisableGlobalInt
 .text.USB_SetCurrentMode
                0x0000000008007e1e       0x98 ./Drivers/STM32F7xx_HAL_Driver/Src/stm32f7xx_ll_usb.o
                0x0000000008007e1e                USB_SetCurrentMode
 *fill*         0x0000000008007eb6        0x2 
 .text.USB_DevInit
                0x0000000008007eb8      0x2bc ./Drivers/STM32F7xx_HAL_Driver/Src/stm32f7xx_ll_usb.o
                0x0000000008007eb8                USB_DevInit
 .text.USB_FlushTxFifo
                0x0000000008008174       0x64 ./Drivers/STM32F7xx_HAL_Driver/Src/stm32f7xx_ll_usb.o
                0x0000000008008174                USB_FlushTxFifo
 .text.USB_FlushRxFifo
                0x00000000080081d8       0x5c ./Drivers/STM32F7xx_HAL_Driver/Src/stm32f7xx_ll_usb.o
                0x00000000080081d8                USB_FlushRxFifo
 .text.USB_SetDevSpeed
                0x0000000008008234       0x32 ./Drivers/STM32F7xx_HAL_Driver/Src/stm32f7xx_ll_usb.o
                0x0000000008008234                USB_SetDevSpeed
 .text.USB_DevDisconnect
                0x0000000008008266       0x42 ./Drivers/STM32F7xx_HAL_Driver/Src/stm32f7xx_ll_usb.o
                0x0000000008008266                USB_DevDisconnect
 .text.USB_GetMode
                0x00000000080082a8       0x1c ./Drivers/STM32F7xx_HAL_Driver/Src/stm32f7xx_ll_usb.o
                0x00000000080082a8                USB_GetMode
 .text.USB_CoreReset
                0x00000000080082c4       0x64 ./Drivers/STM32F7xx_HAL_Driver/Src/stm32f7xx_ll_usb.o
 .text.__errno  0x0000000008008328        0xc c:/st/stm32cubeide_1.7.0/stm32cubeide/plugins/com.st.stm32cube.ide.mcu.externaltools.gnu-tools-for-stm32.9-2020-q2-update.win32_2.0.0.202105311346/tools/bin/../lib/gcc/arm-none-eabi/9.3.1/../../../../arm-none-eabi/lib/thumb/v7e-m+fp/hard\libc_nano.a(lib_a-errno.o)
                0x0000000008008328                __errno
 .text.__libc_init_array
                0x0000000008008334       0x48 c:/st/stm32cubeide_1.7.0/stm32cubeide/plugins/com.st.stm32cube.ide.mcu.externaltools.gnu-tools-for-stm32.9-2020-q2-update.win32_2.0.0.202105311346/tools/bin/../lib/gcc/arm-none-eabi/9.3.1/../../../../arm-none-eabi/lib/thumb/v7e-m+fp/hard\libc_nano.a(lib_a-init.o)
                0x0000000008008334                __libc_init_array
 .text.memset   0x000000000800837c       0x10 c:/st/stm32cubeide_1.7.0/stm32cubeide/plugins/com.st.stm32cube.ide.mcu.externaltools.gnu-tools-for-stm32.9-2020-q2-update.win32_2.0.0.202105311346/tools/bin/../lib/gcc/arm-none-eabi/9.3.1/../../../../arm-none-eabi/lib/thumb/v7e-m+fp/hard\libc_nano.a(lib_a-memset.o)
                0x000000000800837c                memset
 .text.__cvt    0x000000000800838c       0xc4 c:/st/stm32cubeide_1.7.0/stm32cubeide/plugins/com.st.stm32cube.ide.mcu.externaltools.gnu-tools-for-stm32.9-2020-q2-update.win32_2.0.0.202105311346/tools/bin/../lib/gcc/arm-none-eabi/9.3.1/../../../../arm-none-eabi/lib/thumb/v7e-m+fp/hard\libc_nano.a(lib_a-nano-vfprintf_float.o)
                0x000000000800838c                __cvt
 .text.__exponent
                0x0000000008008450       0x7c c:/st/stm32cubeide_1.7.0/stm32cubeide/plugins/com.st.stm32cube.ide.mcu.externaltools.gnu-tools-for-stm32.9-2020-q2-update.win32_2.0.0.202105311346/tools/bin/../lib/gcc/arm-none-eabi/9.3.1/../../../../arm-none-eabi/lib/thumb/v7e-m+fp/hard\libc_nano.a(lib_a-nano-vfprintf_float.o)
                0x0000000008008450                __exponent
 .text._printf_float
                0x00000000080084cc      0x46c c:/st/stm32cubeide_1.7.0/stm32cubeide/plugins/com.st.stm32cube.ide.mcu.externaltools.gnu-tools-for-stm32.9-2020-q2-update.win32_2.0.0.202105311346/tools/bin/../lib/gcc/arm-none-eabi/9.3.1/../../../../arm-none-eabi/lib/thumb/v7e-m+fp/hard\libc_nano.a(lib_a-nano-vfprintf_float.o)
                0x00000000080084cc                _printf_float
 .text._printf_common
                0x0000000008008938       0xda c:/st/stm32cubeide_1.7.0/stm32cubeide/plugins/com.st.stm32cube.ide.mcu.externaltools.gnu-tools-for-stm32.9-2020-q2-update.win32_2.0.0.202105311346/tools/bin/../lib/gcc/arm-none-eabi/9.3.1/../../../../arm-none-eabi/lib/thumb/v7e-m+fp/hard\libc_nano.a(lib_a-nano-vfprintf_i.o)
                0x0000000008008938                _printf_common
 *fill*         0x0000000008008a12        0x2 
 .text._printf_i
                0x0000000008008a14      0x24c c:/st/stm32cubeide_1.7.0/stm32cubeide/plugins/com.st.stm32cube.ide.mcu.externaltools.gnu-tools-for-stm32.9-2020-q2-update.win32_2.0.0.202105311346/tools/bin/../lib/gcc/arm-none-eabi/9.3.1/../../../../arm-none-eabi/lib/thumb/v7e-m+fp/hard\libc_nano.a(lib_a-nano-vfprintf_i.o)
                0x0000000008008a14                _printf_i
 .text.sprintf  0x0000000008008c60       0x40 c:/st/stm32cubeide_1.7.0/stm32cubeide/plugins/com.st.stm32cube.ide.mcu.externaltools.gnu-tools-for-stm32.9-2020-q2-update.win32_2.0.0.202105311346/tools/bin/../lib/gcc/arm-none-eabi/9.3.1/../../../../arm-none-eabi/lib/thumb/v7e-m+fp/hard\libc_nano.a(lib_a-sprintf.o)
                0x0000000008008c60                siprintf
                0x0000000008008c60                sprintf
 .text.quorem   0x0000000008008ca0      0x116 c:/st/stm32cubeide_1.7.0/stm32cubeide/plugins/com.st.stm32cube.ide.mcu.externaltools.gnu-tools-for-stm32.9-2020-q2-update.win32_2.0.0.202105311346/tools/bin/../lib/gcc/arm-none-eabi/9.3.1/../../../../arm-none-eabi/lib/thumb/v7e-m+fp/hard\libc_nano.a(lib_a-dtoa.o)
 *fill*         0x0000000008008db6        0x2 
 .text._dtoa_r  0x0000000008008db8      0xbd8 c:/st/stm32cubeide_1.7.0/stm32cubeide/plugins/com.st.stm32cube.ide.mcu.externaltools.gnu-tools-for-stm32.9-2020-q2-update.win32_2.0.0.202105311346/tools/bin/../lib/gcc/arm-none-eabi/9.3.1/../../../../arm-none-eabi/lib/thumb/v7e-m+fp/hard\libc_nano.a(lib_a-dtoa.o)
                0x0000000008008db8                _dtoa_r
 .text._localeconv_r
                0x0000000008009990        0x8 c:/st/stm32cubeide_1.7.0/stm32cubeide/plugins/com.st.stm32cube.ide.mcu.externaltools.gnu-tools-for-stm32.9-2020-q2-update.win32_2.0.0.202105311346/tools/bin/../lib/gcc/arm-none-eabi/9.3.1/../../../../arm-none-eabi/lib/thumb/v7e-m+fp/hard\libc_nano.a(lib_a-localeconv.o)
                0x0000000008009990                _localeconv_r
 .text.malloc   0x0000000008009998       0x10 c:/st/stm32cubeide_1.7.0/stm32cubeide/plugins/com.st.stm32cube.ide.mcu.externaltools.gnu-tools-for-stm32.9-2020-q2-update.win32_2.0.0.202105311346/tools/bin/../lib/gcc/arm-none-eabi/9.3.1/../../../../arm-none-eabi/lib/thumb/v7e-m+fp/hard\libc_nano.a(lib_a-malloc.o)
                0x0000000008009998                malloc
 .text.memcpy   0x00000000080099a8       0x1c c:/st/stm32cubeide_1.7.0/stm32cubeide/plugins/com.st.stm32cube.ide.mcu.externaltools.gnu-tools-for-stm32.9-2020-q2-update.win32_2.0.0.202105311346/tools/bin/../lib/gcc/arm-none-eabi/9.3.1/../../../../arm-none-eabi/lib/thumb/v7e-m+fp/hard\libc_nano.a(lib_a-memcpy-stub.o)
                0x00000000080099a8                memcpy
 .text._Balloc  0x00000000080099c4       0x80 c:/st/stm32cubeide_1.7.0/stm32cubeide/plugins/com.st.stm32cube.ide.mcu.externaltools.gnu-tools-for-stm32.9-2020-q2-update.win32_2.0.0.202105311346/tools/bin/../lib/gcc/arm-none-eabi/9.3.1/../../../../arm-none-eabi/lib/thumb/v7e-m+fp/hard\libc_nano.a(lib_a-mprec.o)
                0x00000000080099c4                _Balloc
 .text._Bfree   0x0000000008009a44       0x44 c:/st/stm32cubeide_1.7.0/stm32cubeide/plugins/com.st.stm32cube.ide.mcu.externaltools.gnu-tools-for-stm32.9-2020-q2-update.win32_2.0.0.202105311346/tools/bin/../lib/gcc/arm-none-eabi/9.3.1/../../../../arm-none-eabi/lib/thumb/v7e-m+fp/hard\libc_nano.a(lib_a-mprec.o)
                0x0000000008009a44                _Bfree
 .text.__multadd
                0x0000000008009a88       0x94 c:/st/stm32cubeide_1.7.0/stm32cubeide/plugins/com.st.stm32cube.ide.mcu.externaltools.gnu-tools-for-stm32.9-2020-q2-update.win32_2.0.0.202105311346/tools/bin/../lib/gcc/arm-none-eabi/9.3.1/../../../../arm-none-eabi/lib/thumb/v7e-m+fp/hard\libc_nano.a(lib_a-mprec.o)
                0x0000000008009a88                __multadd
 .text.__hi0bits
                0x0000000008009b1c       0x40 c:/st/stm32cubeide_1.7.0/stm32cubeide/plugins/com.st.stm32cube.ide.mcu.externaltools.gnu-tools-for-stm32.9-2020-q2-update.win32_2.0.0.202105311346/tools/bin/../lib/gcc/arm-none-eabi/9.3.1/../../../../arm-none-eabi/lib/thumb/v7e-m+fp/hard\libc_nano.a(lib_a-mprec.o)
                0x0000000008009b1c                __hi0bits
 .text.__lo0bits
                0x0000000008009b5c       0x60 c:/st/stm32cubeide_1.7.0/stm32cubeide/plugins/com.st.stm32cube.ide.mcu.externaltools.gnu-tools-for-stm32.9-2020-q2-update.win32_2.0.0.202105311346/tools/bin/../lib/gcc/arm-none-eabi/9.3.1/../../../../arm-none-eabi/lib/thumb/v7e-m+fp/hard\libc_nano.a(lib_a-mprec.o)
                0x0000000008009b5c                __lo0bits
 .text.__i2b    0x0000000008009bbc       0x2c c:/st/stm32cubeide_1.7.0/stm32cubeide/plugins/com.st.stm32cube.ide.mcu.externaltools.gnu-tools-for-stm32.9-2020-q2-update.win32_2.0.0.202105311346/tools/bin/../lib/gcc/arm-none-eabi/9.3.1/../../../../arm-none-eabi/lib/thumb/v7e-m+fp/hard\libc_nano.a(lib_a-mprec.o)
                0x0000000008009bbc                __i2b
 .text.__multiply
                0x0000000008009be8      0x14c c:/st/stm32cubeide_1.7.0/stm32cubeide/plugins/com.st.stm32cube.ide.mcu.externaltools.gnu-tools-for-stm32.9-2020-q2-update.win32_2.0.0.202105311346/tools/bin/../lib/gcc/arm-none-eabi/9.3.1/../../../../arm-none-eabi/lib/thumb/v7e-m+fp/hard\libc_nano.a(lib_a-mprec.o)
                0x0000000008009be8                __multiply
 .text.__pow5mult
                0x0000000008009d34       0xb4 c:/st/stm32cubeide_1.7.0/stm32cubeide/plugins/com.st.stm32cube.ide.mcu.externaltools.gnu-tools-for-stm32.9-2020-q2-update.win32_2.0.0.202105311346/tools/bin/../lib/gcc/arm-none-eabi/9.3.1/../../../../arm-none-eabi/lib/thumb/v7e-m+fp/hard\libc_nano.a(lib_a-mprec.o)
                0x0000000008009d34                __pow5mult
 .text.__lshift
                0x0000000008009de8       0xd8 c:/st/stm32cubeide_1.7.0/stm32cubeide/plugins/com.st.stm32cube.ide.mcu.externaltools.gnu-tools-for-stm32.9-2020-q2-update.win32_2.0.0.202105311346/tools/bin/../lib/gcc/arm-none-eabi/9.3.1/../../../../arm-none-eabi/lib/thumb/v7e-m+fp/hard\libc_nano.a(lib_a-mprec.o)
                0x0000000008009de8                __lshift
 .text.__mcmp   0x0000000008009ec0       0x38 c:/st/stm32cubeide_1.7.0/stm32cubeide/plugins/com.st.stm32cube.ide.mcu.externaltools.gnu-tools-for-stm32.9-2020-q2-update.win32_2.0.0.202105311346/tools/bin/../lib/gcc/arm-none-eabi/9.3.1/../../../../arm-none-eabi/lib/thumb/v7e-m+fp/hard\libc_nano.a(lib_a-mprec.o)
                0x0000000008009ec0                __mcmp
 .text.__mdiff  0x0000000008009ef8      0x110 c:/st/stm32cubeide_1.7.0/stm32cubeide/plugins/com.st.stm32cube.ide.mcu.externaltools.gnu-tools-for-stm32.9-2020-q2-update.win32_2.0.0.202105311346/tools/bin/../lib/gcc/arm-none-eabi/9.3.1/../../../../arm-none-eabi/lib/thumb/v7e-m+fp/hard\libc_nano.a(lib_a-mprec.o)
                0x0000000008009ef8                __mdiff
 .text.__d2b    0x000000000800a008       0xb8 c:/st/stm32cubeide_1.7.0/stm32cubeide/plugins/com.st.stm32cube.ide.mcu.externaltools.gnu-tools-for-stm32.9-2020-q2-update.win32_2.0.0.202105311346/tools/bin/../lib/gcc/arm-none-eabi/9.3.1/../../../../arm-none-eabi/lib/thumb/v7e-m+fp/hard\libc_nano.a(lib_a-mprec.o)
                0x000000000800a008                __d2b
 .text._calloc_r
                0x000000000800a0c0       0x1e c:/st/stm32cubeide_1.7.0/stm32cubeide/plugins/com.st.stm32cube.ide.mcu.externaltools.gnu-tools-for-stm32.9-2020-q2-update.win32_2.0.0.202105311346/tools/bin/../lib/gcc/arm-none-eabi/9.3.1/../../../../arm-none-eabi/lib/thumb/v7e-m+fp/hard\libc_nano.a(lib_a-nano-callocr.o)
                0x000000000800a0c0                _calloc_r
 *fill*         0x000000000800a0de        0x2 
 .text._free_r  0x000000000800a0e0       0xa0 c:/st/stm32cubeide_1.7.0/stm32cubeide/plugins/com.st.stm32cube.ide.mcu.externaltools.gnu-tools-for-stm32.9-2020-q2-update.win32_2.0.0.202105311346/tools/bin/../lib/gcc/arm-none-eabi/9.3.1/../../../../arm-none-eabi/lib/thumb/v7e-m+fp/hard\libc_nano.a(lib_a-nano-freer.o)
                0x000000000800a0e0                _free_r
 .text._malloc_r
                0x000000000800a180       0xb4 c:/st/stm32cubeide_1.7.0/stm32cubeide/plugins/com.st.stm32cube.ide.mcu.externaltools.gnu-tools-for-stm32.9-2020-q2-update.win32_2.0.0.202105311346/tools/bin/../lib/gcc/arm-none-eabi/9.3.1/../../../../arm-none-eabi/lib/thumb/v7e-m+fp/hard\libc_nano.a(lib_a-nano-mallocr.o)
                0x000000000800a180                _malloc_r
 .text.__ssputs_r
                0x000000000800a234       0xb6 c:/st/stm32cubeide_1.7.0/stm32cubeide/plugins/com.st.stm32cube.ide.mcu.externaltools.gnu-tools-for-stm32.9-2020-q2-update.win32_2.0.0.202105311346/tools/bin/../lib/gcc/arm-none-eabi/9.3.1/../../../../arm-none-eabi/lib/thumb/v7e-m+fp/hard\libc_nano.a(lib_a-nano-svfprintf.o)
                0x000000000800a234                __ssputs_r
 *fill*         0x000000000800a2ea        0x2 
 .text._svfprintf_r
                0x000000000800a2ec      0x200 c:/st/stm32cubeide_1.7.0/stm32cubeide/plugins/com.st.stm32cube.ide.mcu.externaltools.gnu-tools-for-stm32.9-2020-q2-update.win32_2.0.0.202105311346/tools/bin/../lib/gcc/arm-none-eabi/9.3.1/../../../../arm-none-eabi/lib/thumb/v7e-m+fp/hard\libc_nano.a(lib_a-nano-svfprintf.o)
                0x000000000800a2ec                _svfiprintf_r
                0x000000000800a2ec                _svfprintf_r
 .text._sbrk_r  0x000000000800a4ec       0x20 c:/st/stm32cubeide_1.7.0/stm32cubeide/plugins/com.st.stm32cube.ide.mcu.externaltools.gnu-tools-for-stm32.9-2020-q2-update.win32_2.0.0.202105311346/tools/bin/../lib/gcc/arm-none-eabi/9.3.1/../../../../arm-none-eabi/lib/thumb/v7e-m+fp/hard\libc_nano.a(lib_a-sbrkr.o)
                0x000000000800a4ec                _sbrk_r
 .text.__assert_func
                0x000000000800a50c       0x3c c:/st/stm32cubeide_1.7.0/stm32cubeide/plugins/com.st.stm32cube.ide.mcu.externaltools.gnu-tools-for-stm32.9-2020-q2-update.win32_2.0.0.202105311346/tools/bin/../lib/gcc/arm-none-eabi/9.3.1/../../../../arm-none-eabi/lib/thumb/v7e-m+fp/hard\libc_nano.a(lib_a-assert.o)
                0x000000000800a50c                __assert_func
 .text.fprintf  0x000000000800a548       0x24 c:/st/stm32cubeide_1.7.0/stm32cubeide/plugins/com.st.stm32cube.ide.mcu.externaltools.gnu-tools-for-stm32.9-2020-q2-update.win32_2.0.0.202105311346/tools/bin/../lib/gcc/arm-none-eabi/9.3.1/../../../../arm-none-eabi/lib/thumb/v7e-m+fp/hard\libc_nano.a(lib_a-fprintf.o)
                0x000000000800a548                fiprintf
                0x000000000800a548                fprintf
 .text.__ascii_mbtowc
                0x000000000800a56c       0x24 c:/st/stm32cubeide_1.7.0/stm32cubeide/plugins/com.st.stm32cube.ide.mcu.externaltools.gnu-tools-for-stm32.9-2020-q2-update.win32_2.0.0.202105311346/tools/bin/../lib/gcc/arm-none-eabi/9.3.1/../../../../arm-none-eabi/lib/thumb/v7e-m+fp/hard\libc_nano.a(lib_a-mbtowc_r.o)
                0x000000000800a56c                __ascii_mbtowc
 .text.memmove  0x000000000800a590       0x34 c:/st/stm32cubeide_1.7.0/stm32cubeide/plugins/com.st.stm32cube.ide.mcu.externaltools.gnu-tools-for-stm32.9-2020-q2-update.win32_2.0.0.202105311346/tools/bin/../lib/gcc/arm-none-eabi/9.3.1/../../../../arm-none-eabi/lib/thumb/v7e-m+fp/hard\libc_nano.a(lib_a-memmove.o)
                0x000000000800a590                memmove
 .text.__malloc_lock
                0x000000000800a5c4        0xc c:/st/stm32cubeide_1.7.0/stm32cubeide/plugins/com.st.stm32cube.ide.mcu.externaltools.gnu-tools-for-stm32.9-2020-q2-update.win32_2.0.0.202105311346/tools/bin/../lib/gcc/arm-none-eabi/9.3.1/../../../../arm-none-eabi/lib/thumb/v7e-m+fp/hard\libc_nano.a(lib_a-mlock.o)
                0x000000000800a5c4                __malloc_lock
 .text.__malloc_unlock
                0x000000000800a5d0        0xc c:/st/stm32cubeide_1.7.0/stm32cubeide/plugins/com.st.stm32cube.ide.mcu.externaltools.gnu-tools-for-stm32.9-2020-q2-update.win32_2.0.0.202105311346/tools/bin/../lib/gcc/arm-none-eabi/9.3.1/../../../../arm-none-eabi/lib/thumb/v7e-m+fp/hard\libc_nano.a(lib_a-mlock.o)
                0x000000000800a5d0                __malloc_unlock
 .text._realloc_r
                0x000000000800a5dc       0x4c c:/st/stm32cubeide_1.7.0/stm32cubeide/plugins/com.st.stm32cube.ide.mcu.externaltools.gnu-tools-for-stm32.9-2020-q2-update.win32_2.0.0.202105311346/tools/bin/../lib/gcc/arm-none-eabi/9.3.1/../../../../arm-none-eabi/lib/thumb/v7e-m+fp/hard\libc_nano.a(lib_a-nano-reallocr.o)
                0x000000000800a5dc                _realloc_r
 .text.__sfputc_r
                0x000000000800a628       0x2e c:/st/stm32cubeide_1.7.0/stm32cubeide/plugins/com.st.stm32cube.ide.mcu.externaltools.gnu-tools-for-stm32.9-2020-q2-update.win32_2.0.0.202105311346/tools/bin/../lib/gcc/arm-none-eabi/9.3.1/../../../../arm-none-eabi/lib/thumb/v7e-m+fp/hard\libc_nano.a(lib_a-nano-vfprintf.o)
 .text.__sfputs_r
                0x000000000800a656       0x24 c:/st/stm32cubeide_1.7.0/stm32cubeide/plugins/com.st.stm32cube.ide.mcu.externaltools.gnu-tools-for-stm32.9-2020-q2-update.win32_2.0.0.202105311346/tools/bin/../lib/gcc/arm-none-eabi/9.3.1/../../../../arm-none-eabi/lib/thumb/v7e-m+fp/hard\libc_nano.a(lib_a-nano-vfprintf.o)
                0x000000000800a656                __sfputs_r
 *fill*         0x000000000800a67a        0x2 
 .text._vfprintf_r
                0x000000000800a67c      0x260 c:/st/stm32cubeide_1.7.0/stm32cubeide/plugins/com.st.stm32cube.ide.mcu.externaltools.gnu-tools-for-stm32.9-2020-q2-update.win32_2.0.0.202105311346/tools/bin/../lib/gcc/arm-none-eabi/9.3.1/../../../../arm-none-eabi/lib/thumb/v7e-m+fp/hard\libc_nano.a(lib_a-nano-vfprintf.o)
                0x000000000800a67c                _vfprintf_r
                0x000000000800a67c                _vfiprintf_r
 .text.__swbuf_r
                0x000000000800a8dc       0xa4 c:/st/stm32cubeide_1.7.0/stm32cubeide/plugins/com.st.stm32cube.ide.mcu.externaltools.gnu-tools-for-stm32.9-2020-q2-update.win32_2.0.0.202105311346/tools/bin/../lib/gcc/arm-none-eabi/9.3.1/../../../../arm-none-eabi/lib/thumb/v7e-m+fp/hard\libc_nano.a(lib_a-wbuf.o)
                0x000000000800a8dc                __swbuf_r
 .text.__ascii_wctomb
                0x000000000800a980       0x1a c:/st/stm32cubeide_1.7.0/stm32cubeide/plugins/com.st.stm32cube.ide.mcu.externaltools.gnu-tools-for-stm32.9-2020-q2-update.win32_2.0.0.202105311346/tools/bin/../lib/gcc/arm-none-eabi/9.3.1/../../../../arm-none-eabi/lib/thumb/v7e-m+fp/hard\libc_nano.a(lib_a-wctomb_r.o)
                0x000000000800a980                __ascii_wctomb
 *fill*         0x000000000800a99a        0x2 
 .text.__swsetup_r
                0x000000000800a99c       0xdc c:/st/stm32cubeide_1.7.0/stm32cubeide/plugins/com.st.stm32cube.ide.mcu.externaltools.gnu-tools-for-stm32.9-2020-q2-update.win32_2.0.0.202105311346/tools/bin/../lib/gcc/arm-none-eabi/9.3.1/../../../../arm-none-eabi/lib/thumb/v7e-m+fp/hard\libc_nano.a(lib_a-wsetup.o)
                0x000000000800a99c                __swsetup_r
 .text.abort    0x000000000800aa78        0xe c:/st/stm32cubeide_1.7.0/stm32cubeide/plugins/com.st.stm32cube.ide.mcu.externaltools.gnu-tools-for-stm32.9-2020-q2-update.win32_2.0.0.202105311346/tools/bin/../lib/gcc/arm-none-eabi/9.3.1/../../../../arm-none-eabi/lib/thumb/v7e-m+fp/hard\libc_nano.a(lib_a-abort.o)
                0x000000000800aa78                abort
 *fill*         0x000000000800aa86        0x2 
 .text.__sflush_r
                0x000000000800aa88      0x10c c:/st/stm32cubeide_1.7.0/stm32cubeide/plugins/com.st.stm32cube.ide.mcu.externaltools.gnu-tools-for-stm32.9-2020-q2-update.win32_2.0.0.202105311346/tools/bin/../lib/gcc/arm-none-eabi/9.3.1/../../../../arm-none-eabi/lib/thumb/v7e-m+fp/hard\libc_nano.a(lib_a-fflush.o)
                0x000000000800aa88                __sflush_r
 .text._fflush_r
                0x000000000800ab94       0x78 c:/st/stm32cubeide_1.7.0/stm32cubeide/plugins/com.st.stm32cube.ide.mcu.externaltools.gnu-tools-for-stm32.9-2020-q2-update.win32_2.0.0.202105311346/tools/bin/../lib/gcc/arm-none-eabi/9.3.1/../../../../arm-none-eabi/lib/thumb/v7e-m+fp/hard\libc_nano.a(lib_a-fflush.o)
                0x000000000800ab94                _fflush_r
 .text.std      0x000000000800ac0c       0x48 c:/st/stm32cubeide_1.7.0/stm32cubeide/plugins/com.st.stm32cube.ide.mcu.externaltools.gnu-tools-for-stm32.9-2020-q2-update.win32_2.0.0.202105311346/tools/bin/../lib/gcc/arm-none-eabi/9.3.1/../../../../arm-none-eabi/lib/thumb/v7e-m+fp/hard\libc_nano.a(lib_a-findfp.o)
 .text._cleanup_r
                0x000000000800ac54        0xc c:/st/stm32cubeide_1.7.0/stm32cubeide/plugins/com.st.stm32cube.ide.mcu.externaltools.gnu-tools-for-stm32.9-2020-q2-update.win32_2.0.0.202105311346/tools/bin/../lib/gcc/arm-none-eabi/9.3.1/../../../../arm-none-eabi/lib/thumb/v7e-m+fp/hard\libc_nano.a(lib_a-findfp.o)
                0x000000000800ac54                _cleanup_r
 .text.__sfmoreglue
                0x000000000800ac60       0x2c c:/st/stm32cubeide_1.7.0/stm32cubeide/plugins/com.st.stm32cube.ide.mcu.externaltools.gnu-tools-for-stm32.9-2020-q2-update.win32_2.0.0.202105311346/tools/bin/../lib/gcc/arm-none-eabi/9.3.1/../../../../arm-none-eabi/lib/thumb/v7e-m+fp/hard\libc_nano.a(lib_a-findfp.o)
                0x000000000800ac60                __sfmoreglue
 .text.__sfp_lock_acquire
                0x000000000800ac8c        0xc c:/st/stm32cubeide_1.7.0/stm32cubeide/plugins/com.st.stm32cube.ide.mcu.externaltools.gnu-tools-for-stm32.9-2020-q2-update.win32_2.0.0.202105311346/tools/bin/../lib/gcc/arm-none-eabi/9.3.1/../../../../arm-none-eabi/lib/thumb/v7e-m+fp/hard\libc_nano.a(lib_a-findfp.o)
                0x000000000800ac8c                __sfp_lock_acquire
 .text.__sfp_lock_release
                0x000000000800ac98        0xc c:/st/stm32cubeide_1.7.0/stm32cubeide/plugins/com.st.stm32cube.ide.mcu.externaltools.gnu-tools-for-stm32.9-2020-q2-update.win32_2.0.0.202105311346/tools/bin/../lib/gcc/arm-none-eabi/9.3.1/../../../../arm-none-eabi/lib/thumb/v7e-m+fp/hard\libc_nano.a(lib_a-findfp.o)
                0x000000000800ac98                __sfp_lock_release
 .text.__sinit_lock_acquire
                0x000000000800aca4        0xc c:/st/stm32cubeide_1.7.0/stm32cubeide/plugins/com.st.stm32cube.ide.mcu.externaltools.gnu-tools-for-stm32.9-2020-q2-update.win32_2.0.0.202105311346/tools/bin/../lib/gcc/arm-none-eabi/9.3.1/../../../../arm-none-eabi/lib/thumb/v7e-m+fp/hard\libc_nano.a(lib_a-findfp.o)
                0x000000000800aca4                __sinit_lock_acquire
 .text.__sinit_lock_release
                0x000000000800acb0        0xc c:/st/stm32cubeide_1.7.0/stm32cubeide/plugins/com.st.stm32cube.ide.mcu.externaltools.gnu-tools-for-stm32.9-2020-q2-update.win32_2.0.0.202105311346/tools/bin/../lib/gcc/arm-none-eabi/9.3.1/../../../../arm-none-eabi/lib/thumb/v7e-m+fp/hard\libc_nano.a(lib_a-findfp.o)
                0x000000000800acb0                __sinit_lock_release
 .text.__sinit  0x000000000800acbc       0x70 c:/st/stm32cubeide_1.7.0/stm32cubeide/plugins/com.st.stm32cube.ide.mcu.externaltools.gnu-tools-for-stm32.9-2020-q2-update.win32_2.0.0.202105311346/tools/bin/../lib/gcc/arm-none-eabi/9.3.1/../../../../arm-none-eabi/lib/thumb/v7e-m+fp/hard\libc_nano.a(lib_a-findfp.o)
                0x000000000800acbc                __sinit
 .text.__sfp    0x000000000800ad2c       0x8c c:/st/stm32cubeide_1.7.0/stm32cubeide/plugins/com.st.stm32cube.ide.mcu.externaltools.gnu-tools-for-stm32.9-2020-q2-update.win32_2.0.0.202105311346/tools/bin/../lib/gcc/arm-none-eabi/9.3.1/../../../../arm-none-eabi/lib/thumb/v7e-m+fp/hard\libc_nano.a(lib_a-findfp.o)
                0x000000000800ad2c                __sfp
 .text._fwalk_reent
                0x000000000800adb8       0x3e c:/st/stm32cubeide_1.7.0/stm32cubeide/plugins/com.st.stm32cube.ide.mcu.externaltools.gnu-tools-for-stm32.9-2020-q2-update.win32_2.0.0.202105311346/tools/bin/../lib/gcc/arm-none-eabi/9.3.1/../../../../arm-none-eabi/lib/thumb/v7e-m+fp/hard\libc_nano.a(lib_a-fwalk.o)
                0x000000000800adb8                _fwalk_reent
 .text.__retarget_lock_init_recursive
                0x000000000800adf6        0x2 c:/st/stm32cubeide_1.7.0/stm32cubeide/plugins/com.st.stm32cube.ide.mcu.externaltools.gnu-tools-for-stm32.9-2020-q2-update.win32_2.0.0.202105311346/tools/bin/../lib/gcc/arm-none-eabi/9.3.1/../../../../arm-none-eabi/lib/thumb/v7e-m+fp/hard\libc_nano.a(lib_a-lock.o)
                0x000000000800adf6                __retarget_lock_init_recursive
 .text.__retarget_lock_acquire_recursive
                0x000000000800adf8        0x2 c:/st/stm32cubeide_1.7.0/stm32cubeide/plugins/com.st.stm32cube.ide.mcu.externaltools.gnu-tools-for-stm32.9-2020-q2-update.win32_2.0.0.202105311346/tools/bin/../lib/gcc/arm-none-eabi/9.3.1/../../../../arm-none-eabi/lib/thumb/v7e-m+fp/hard\libc_nano.a(lib_a-lock.o)
                0x000000000800adf8                __retarget_lock_acquire_recursive
 .text.__retarget_lock_release_recursive
                0x000000000800adfa        0x2 c:/st/stm32cubeide_1.7.0/stm32cubeide/plugins/com.st.stm32cube.ide.mcu.externaltools.gnu-tools-for-stm32.9-2020-q2-update.win32_2.0.0.202105311346/tools/bin/../lib/gcc/arm-none-eabi/9.3.1/../../../../arm-none-eabi/lib/thumb/v7e-m+fp/hard\libc_nano.a(lib_a-lock.o)
                0x000000000800adfa                __retarget_lock_release_recursive
 .text.__swhatbuf_r
                0x000000000800adfc       0x48 c:/st/stm32cubeide_1.7.0/stm32cubeide/plugins/com.st.stm32cube.ide.mcu.externaltools.gnu-tools-for-stm32.9-2020-q2-update.win32_2.0.0.202105311346/tools/bin/../lib/gcc/arm-none-eabi/9.3.1/../../../../arm-none-eabi/lib/thumb/v7e-m+fp/hard\libc_nano.a(lib_a-makebuf.o)
                0x000000000800adfc                __swhatbuf_r
 .text.__smakebuf_r
                0x000000000800ae44       0x80 c:/st/stm32cubeide_1.7.0/stm32cubeide/plugins/com.st.stm32cube.ide.mcu.externaltools.gnu-tools-for-stm32.9-2020-q2-update.win32_2.0.0.202105311346/tools/bin/../lib/gcc/arm-none-eabi/9.3.1/../../../../arm-none-eabi/lib/thumb/v7e-m+fp/hard\libc_nano.a(lib_a-makebuf.o)
                0x000000000800ae44                __smakebuf_r
 .text._malloc_usable_size_r
                0x000000000800aec4       0x10 c:/st/stm32cubeide_1.7.0/stm32cubeide/plugins/com.st.stm32cube.ide.mcu.externaltools.gnu-tools-for-stm32.9-2020-q2-update.win32_2.0.0.202105311346/tools/bin/../lib/gcc/arm-none-eabi/9.3.1/../../../../arm-none-eabi/lib/thumb/v7e-m+fp/hard\libc_nano.a(lib_a-nano-msizer.o)
                0x000000000800aec4                _malloc_usable_size_r
 .text._raise_r
                0x000000000800aed4       0x50 c:/st/stm32cubeide_1.7.0/stm32cubeide/plugins/com.st.stm32cube.ide.mcu.externaltools.gnu-tools-for-stm32.9-2020-q2-update.win32_2.0.0.202105311346/tools/bin/../lib/gcc/arm-none-eabi/9.3.1/../../../../arm-none-eabi/lib/thumb/v7e-m+fp/hard\libc_nano.a(lib_a-signal.o)
                0x000000000800aed4                _raise_r
 .text.raise    0x000000000800af24       0x10 c:/st/stm32cubeide_1.7.0/stm32cubeide/plugins/com.st.stm32cube.ide.mcu.externaltools.gnu-tools-for-stm32.9-2020-q2-update.win32_2.0.0.202105311346/tools/bin/../lib/gcc/arm-none-eabi/9.3.1/../../../../arm-none-eabi/lib/thumb/v7e-m+fp/hard\libc_nano.a(lib_a-signal.o)
                0x000000000800af24                raise
 .text._kill_r  0x000000000800af34       0x24 c:/st/stm32cubeide_1.7.0/stm32cubeide/plugins/com.st.stm32cube.ide.mcu.externaltools.gnu-tools-for-stm32.9-2020-q2-update.win32_2.0.0.202105311346/tools/bin/../lib/gcc/arm-none-eabi/9.3.1/../../../../arm-none-eabi/lib/thumb/v7e-m+fp/hard\libc_nano.a(lib_a-signalr.o)
                0x000000000800af34                _kill_r
 .text._getpid_r
                0x000000000800af58        0x4 c:/st/stm32cubeide_1.7.0/stm32cubeide/plugins/com.st.stm32cube.ide.mcu.externaltools.gnu-tools-for-stm32.9-2020-q2-update.win32_2.0.0.202105311346/tools/bin/../lib/gcc/arm-none-eabi/9.3.1/../../../../arm-none-eabi/lib/thumb/v7e-m+fp/hard\libc_nano.a(lib_a-signalr.o)
                0x000000000800af58                _getpid_r
 .text.__sread  0x000000000800af5c       0x22 c:/st/stm32cubeide_1.7.0/stm32cubeide/plugins/com.st.stm32cube.ide.mcu.externaltools.gnu-tools-for-stm32.9-2020-q2-update.win32_2.0.0.202105311346/tools/bin/../lib/gcc/arm-none-eabi/9.3.1/../../../../arm-none-eabi/lib/thumb/v7e-m+fp/hard\libc_nano.a(lib_a-stdio.o)
                0x000000000800af5c                __sread
 .text.__swrite
                0x000000000800af7e       0x38 c:/st/stm32cubeide_1.7.0/stm32cubeide/plugins/com.st.stm32cube.ide.mcu.externaltools.gnu-tools-for-stm32.9-2020-q2-update.win32_2.0.0.202105311346/tools/bin/../lib/gcc/arm-none-eabi/9.3.1/../../../../arm-none-eabi/lib/thumb/v7e-m+fp/hard\libc_nano.a(lib_a-stdio.o)
                0x000000000800af7e                __swrite
 .text.__sseek  0x000000000800afb6       0x24 c:/st/stm32cubeide_1.7.0/stm32cubeide/plugins/com.st.stm32cube.ide.mcu.externaltools.gnu-tools-for-stm32.9-2020-q2-update.win32_2.0.0.202105311346/tools/bin/../lib/gcc/arm-none-eabi/9.3.1/../../../../arm-none-eabi/lib/thumb/v7e-m+fp/hard\libc_nano.a(lib_a-stdio.o)
                0x000000000800afb6                __sseek
 .text.__sclose
                0x000000000800afda        0x8 c:/st/stm32cubeide_1.7.0/stm32cubeide/plugins/com.st.stm32cube.ide.mcu.externaltools.gnu-tools-for-stm32.9-2020-q2-update.win32_2.0.0.202105311346/tools/bin/../lib/gcc/arm-none-eabi/9.3.1/../../../../arm-none-eabi/lib/thumb/v7e-m+fp/hard\libc_nano.a(lib_a-stdio.o)
                0x000000000800afda                __sclose
 *fill*         0x000000000800afe2        0x2 
 .text._write_r
                0x000000000800afe4       0x24 c:/st/stm32cubeide_1.7.0/stm32cubeide/plugins/com.st.stm32cube.ide.mcu.externaltools.gnu-tools-for-stm32.9-2020-q2-update.win32_2.0.0.202105311346/tools/bin/../lib/gcc/arm-none-eabi/9.3.1/../../../../arm-none-eabi/lib/thumb/v7e-m+fp/hard\libc_nano.a(lib_a-writer.o)
                0x000000000800afe4                _write_r
 .text._close_r
                0x000000000800b008       0x20 c:/st/stm32cubeide_1.7.0/stm32cubeide/plugins/com.st.stm32cube.ide.mcu.externaltools.gnu-tools-for-stm32.9-2020-q2-update.win32_2.0.0.202105311346/tools/bin/../lib/gcc/arm-none-eabi/9.3.1/../../../../arm-none-eabi/lib/thumb/v7e-m+fp/hard\libc_nano.a(lib_a-closer.o)
                0x000000000800b008                _close_r
 .text._fstat_r
                0x000000000800b028       0x24 c:/st/stm32cubeide_1.7.0/stm32cubeide/plugins/com.st.stm32cube.ide.mcu.externaltools.gnu-tools-for-stm32.9-2020-q2-update.win32_2.0.0.202105311346/tools/bin/../lib/gcc/arm-none-eabi/9.3.1/../../../../arm-none-eabi/lib/thumb/v7e-m+fp/hard\libc_nano.a(lib_a-fstatr.o)
                0x000000000800b028                _fstat_r
 .text._isatty_r
                0x000000000800b04c       0x20 c:/st/stm32cubeide_1.7.0/stm32cubeide/plugins/com.st.stm32cube.ide.mcu.externaltools.gnu-tools-for-stm32.9-2020-q2-update.win32_2.0.0.202105311346/tools/bin/../lib/gcc/arm-none-eabi/9.3.1/../../../../arm-none-eabi/lib/thumb/v7e-m+fp/hard\libc_nano.a(lib_a-isattyr.o)
                0x000000000800b04c                _isatty_r
 .text._lseek_r
                0x000000000800b06c       0x24 c:/st/stm32cubeide_1.7.0/stm32cubeide/plugins/com.st.stm32cube.ide.mcu.externaltools.gnu-tools-for-stm32.9-2020-q2-update.win32_2.0.0.202105311346/tools/bin/../lib/gcc/arm-none-eabi/9.3.1/../../../../arm-none-eabi/lib/thumb/v7e-m+fp/hard\libc_nano.a(lib_a-lseekr.o)
                0x000000000800b06c                _lseek_r
 .text._read_r  0x000000000800b090       0x24 c:/st/stm32cubeide_1.7.0/stm32cubeide/plugins/com.st.stm32cube.ide.mcu.externaltools.gnu-tools-for-stm32.9-2020-q2-update.win32_2.0.0.202105311346/tools/bin/../lib/gcc/arm-none-eabi/9.3.1/../../../../arm-none-eabi/lib/thumb/v7e-m+fp/hard\libc_nano.a(lib_a-readr.o)
                0x000000000800b090                _read_r
 *(.glue_7)
 .glue_7        0x000000000800b0b4        0x0 linker stubs
 *(.glue_7t)
 .glue_7t       0x000000000800b0b4        0x0 linker stubs
 *(.eh_frame)
 .eh_frame      0x000000000800b0b4        0x0 c:/st/stm32cubeide_1.7.0/stm32cubeide/plugins/com.st.stm32cube.ide.mcu.externaltools.gnu-tools-for-stm32.9-2020-q2-update.win32_2.0.0.202105311346/tools/bin/../lib/gcc/arm-none-eabi/9.3.1/thumb/v7e-m+fp/hard/crtbegin.o
 *(.init)
 .init          0x000000000800b0b4        0x4 c:/st/stm32cubeide_1.7.0/stm32cubeide/plugins/com.st.stm32cube.ide.mcu.externaltools.gnu-tools-for-stm32.9-2020-q2-update.win32_2.0.0.202105311346/tools/bin/../lib/gcc/arm-none-eabi/9.3.1/thumb/v7e-m+fp/hard/crti.o
                0x000000000800b0b4                _init
 .init          0x000000000800b0b8        0x8 c:/st/stm32cubeide_1.7.0/stm32cubeide/plugins/com.st.stm32cube.ide.mcu.externaltools.gnu-tools-for-stm32.9-2020-q2-update.win32_2.0.0.202105311346/tools/bin/../lib/gcc/arm-none-eabi/9.3.1/thumb/v7e-m+fp/hard/crtn.o
 *(.fini)
 .fini          0x000000000800b0c0        0x4 c:/st/stm32cubeide_1.7.0/stm32cubeide/plugins/com.st.stm32cube.ide.mcu.externaltools.gnu-tools-for-stm32.9-2020-q2-update.win32_2.0.0.202105311346/tools/bin/../lib/gcc/arm-none-eabi/9.3.1/thumb/v7e-m+fp/hard/crti.o
                0x000000000800b0c0                _fini
 .fini          0x000000000800b0c4        0x8 c:/st/stm32cubeide_1.7.0/stm32cubeide/plugins/com.st.stm32cube.ide.mcu.externaltools.gnu-tools-for-stm32.9-2020-q2-update.win32_2.0.0.202105311346/tools/bin/../lib/gcc/arm-none-eabi/9.3.1/thumb/v7e-m+fp/hard/crtn.o
                0x000000000800b0cc                . = ALIGN (0x4)
                0x000000000800b0cc                _etext = .

.vfp11_veneer   0x000000000800b0cc        0x0
 .vfp11_veneer  0x000000000800b0cc        0x0 linker stubs

.v4_bx          0x000000000800b0cc        0x0
 .v4_bx         0x000000000800b0cc        0x0 linker stubs

.iplt           0x000000000800b0cc        0x0
 .iplt          0x000000000800b0cc        0x0 c:/st/stm32cubeide_1.7.0/stm32cubeide/plugins/com.st.stm32cube.ide.mcu.externaltools.gnu-tools-for-stm32.9-2020-q2-update.win32_2.0.0.202105311346/tools/bin/../lib/gcc/arm-none-eabi/9.3.1/thumb/v7e-m+fp/hard/crtbegin.o

.rodata         0x000000000800b0d0      0x41c
                0x000000000800b0d0                . = ALIGN (0x4)
 *(.rodata)
 .rodata        0x000000000800b0d0       0x1d ./Core/Src/main.o
 *(.rodata*)
 *fill*         0x000000000800b0ed        0x3 
 .rodata.AHBPrescTable
                0x000000000800b0f0       0x10 ./Core/Src/system_stm32f7xx.o
                0x000000000800b0f0                AHBPrescTable
 .rodata.APBPrescTable
                0x000000000800b100        0x8 ./Core/Src/system_stm32f7xx.o
                0x000000000800b100                APBPrescTable
 .rodata._global_impure_ptr
                0x000000000800b108        0x4 c:/st/stm32cubeide_1.7.0/stm32cubeide/plugins/com.st.stm32cube.ide.mcu.externaltools.gnu-tools-for-stm32.9-2020-q2-update.win32_2.0.0.202105311346/tools/bin/../lib/gcc/arm-none-eabi/9.3.1/../../../../arm-none-eabi/lib/thumb/v7e-m+fp/hard\libc_nano.a(lib_a-impure.o)
                0x000000000800b108                _global_impure_ptr
 .rodata._printf_float.str1.1
                0x000000000800b10c       0x12 c:/st/stm32cubeide_1.7.0/stm32cubeide/plugins/com.st.stm32cube.ide.mcu.externaltools.gnu-tools-for-stm32.9-2020-q2-update.win32_2.0.0.202105311346/tools/bin/../lib/gcc/arm-none-eabi/9.3.1/../../../../arm-none-eabi/lib/thumb/v7e-m+fp/hard\libc_nano.a(lib_a-nano-vfprintf_float.o)
 .rodata._printf_i.str1.1
                0x000000000800b11e       0x22 c:/st/stm32cubeide_1.7.0/stm32cubeide/plugins/com.st.stm32cube.ide.mcu.externaltools.gnu-tools-for-stm32.9-2020-q2-update.win32_2.0.0.202105311346/tools/bin/../lib/gcc/arm-none-eabi/9.3.1/../../../../arm-none-eabi/lib/thumb/v7e-m+fp/hard\libc_nano.a(lib_a-nano-vfprintf_i.o)
 .rodata._dtoa_r.str1.1
                0x000000000800b140       0x94 c:/st/stm32cubeide_1.7.0/stm32cubeide/plugins/com.st.stm32cube.ide.mcu.externaltools.gnu-tools-for-stm32.9-2020-q2-update.win32_2.0.0.202105311346/tools/bin/../lib/gcc/arm-none-eabi/9.3.1/../../../../arm-none-eabi/lib/thumb/v7e-m+fp/hard\libc_nano.a(lib_a-dtoa.o)
                                         0x96 (size before relaxing)
 .rodata._Balloc.str1.1
                0x000000000800b1d4       0x60 c:/st/stm32cubeide_1.7.0/stm32cubeide/plugins/com.st.stm32cube.ide.mcu.externaltools.gnu-tools-for-stm32.9-2020-q2-update.win32_2.0.0.202105311346/tools/bin/../lib/gcc/arm-none-eabi/9.3.1/../../../../arm-none-eabi/lib/thumb/v7e-m+fp/hard\libc_nano.a(lib_a-mprec.o)
                                         0x77 (size before relaxing)
 .rodata.__multadd.str1.1
                0x000000000800b234       0x11 c:/st/stm32cubeide_1.7.0/stm32cubeide/plugins/com.st.stm32cube.ide.mcu.externaltools.gnu-tools-for-stm32.9-2020-q2-update.win32_2.0.0.202105311346/tools/bin/../lib/gcc/arm-none-eabi/9.3.1/../../../../arm-none-eabi/lib/thumb/v7e-m+fp/hard\libc_nano.a(lib_a-mprec.o)
 *fill*         0x000000000800b234        0x4 
 .rodata.__mprec_bigtens
                0x000000000800b238       0x28 c:/st/stm32cubeide_1.7.0/stm32cubeide/plugins/com.st.stm32cube.ide.mcu.externaltools.gnu-tools-for-stm32.9-2020-q2-update.win32_2.0.0.202105311346/tools/bin/../lib/gcc/arm-none-eabi/9.3.1/../../../../arm-none-eabi/lib/thumb/v7e-m+fp/hard\libc_nano.a(lib_a-mprec.o)
                0x000000000800b238                __mprec_bigtens
 .rodata.__mprec_tens
                0x000000000800b260       0xc8 c:/st/stm32cubeide_1.7.0/stm32cubeide/plugins/com.st.stm32cube.ide.mcu.externaltools.gnu-tools-for-stm32.9-2020-q2-update.win32_2.0.0.202105311346/tools/bin/../lib/gcc/arm-none-eabi/9.3.1/../../../../arm-none-eabi/lib/thumb/v7e-m+fp/hard\libc_nano.a(lib_a-mprec.o)
                0x000000000800b260                __mprec_tens
 .rodata.p05.7513
                0x000000000800b328        0xc c:/st/stm32cubeide_1.7.0/stm32cubeide/plugins/com.st.stm32cube.ide.mcu.externaltools.gnu-tools-for-stm32.9-2020-q2-update.win32_2.0.0.202105311346/tools/bin/../lib/gcc/arm-none-eabi/9.3.1/../../../../arm-none-eabi/lib/thumb/v7e-m+fp/hard\libc_nano.a(lib_a-mprec.o)
 .rodata._svfprintf_r.str1.1
                0x000000000800b334       0x11 c:/st/stm32cubeide_1.7.0/stm32cubeide/plugins/com.st.stm32cube.ide.mcu.externaltools.gnu-tools-for-stm32.9-2020-q2-update.win32_2.0.0.202105311346/tools/bin/../lib/gcc/arm-none-eabi/9.3.1/../../../../arm-none-eabi/lib/thumb/v7e-m+fp/hard\libc_nano.a(lib_a-nano-svfprintf.o)
 .rodata.__assert_func.str1.1
                0x000000000800b345       0x3c c:/st/stm32cubeide_1.7.0/stm32cubeide/plugins/com.st.stm32cube.ide.mcu.externaltools.gnu-tools-for-stm32.9-2020-q2-update.win32_2.0.0.202105311346/tools/bin/../lib/gcc/arm-none-eabi/9.3.1/../../../../arm-none-eabi/lib/thumb/v7e-m+fp/hard\libc_nano.a(lib_a-assert.o)
                                         0x3d (size before relaxing)
 .rodata._setlocale_r.str1.1
                0x000000000800b381        0x8 c:/st/stm32cubeide_1.7.0/stm32cubeide/plugins/com.st.stm32cube.ide.mcu.externaltools.gnu-tools-for-stm32.9-2020-q2-update.win32_2.0.0.202105311346/tools/bin/../lib/gcc/arm-none-eabi/9.3.1/../../../../arm-none-eabi/lib/thumb/v7e-m+fp/hard\libc_nano.a(lib_a-locale.o)
                                          0x9 (size before relaxing)
 .rodata.str1.1
                0x000000000800b389        0x2 c:/st/stm32cubeide_1.7.0/stm32cubeide/plugins/com.st.stm32cube.ide.mcu.externaltools.gnu-tools-for-stm32.9-2020-q2-update.win32_2.0.0.202105311346/tools/bin/../lib/gcc/arm-none-eabi/9.3.1/../../../../arm-none-eabi/lib/thumb/v7e-m+fp/hard\libc_nano.a(lib_a-locale.o)
 .rodata._vfprintf_r.str1.1
                0x000000000800b38b       0x11 c:/st/stm32cubeide_1.7.0/stm32cubeide/plugins/com.st.stm32cube.ide.mcu.externaltools.gnu-tools-for-stm32.9-2020-q2-update.win32_2.0.0.202105311346/tools/bin/../lib/gcc/arm-none-eabi/9.3.1/../../../../arm-none-eabi/lib/thumb/v7e-m+fp/hard\libc_nano.a(lib_a-nano-vfprintf.o)
 .rodata._ctype_
                0x000000000800b38b      0x101 c:/st/stm32cubeide_1.7.0/stm32cubeide/plugins/com.st.stm32cube.ide.mcu.externaltools.gnu-tools-for-stm32.9-2020-q2-update.win32_2.0.0.202105311346/tools/bin/../lib/gcc/arm-none-eabi/9.3.1/../../../../arm-none-eabi/lib/thumb/v7e-m+fp/hard\libc_nano.a(lib_a-ctype_.o)
                0x000000000800b38b                _ctype_
 .rodata.__sf_fake_stderr
                0x000000000800b48c       0x20 c:/st/stm32cubeide_1.7.0/stm32cubeide/plugins/com.st.stm32cube.ide.mcu.externaltools.gnu-tools-for-stm32.9-2020-q2-update.win32_2.0.0.202105311346/tools/bin/../lib/gcc/arm-none-eabi/9.3.1/../../../../arm-none-eabi/lib/thumb/v7e-m+fp/hard\libc_nano.a(lib_a-findfp.o)
                0x000000000800b48c                __sf_fake_stderr
 .rodata.__sf_fake_stdin
                0x000000000800b4ac       0x20 c:/st/stm32cubeide_1.7.0/stm32cubeide/plugins/com.st.stm32cube.ide.mcu.externaltools.gnu-tools-for-stm32.9-2020-q2-update.win32_2.0.0.202105311346/tools/bin/../lib/gcc/arm-none-eabi/9.3.1/../../../../arm-none-eabi/lib/thumb/v7e-m+fp/hard\libc_nano.a(lib_a-findfp.o)
                0x000000000800b4ac                __sf_fake_stdin
 .rodata.__sf_fake_stdout
                0x000000000800b4cc       0x20 c:/st/stm32cubeide_1.7.0/stm32cubeide/plugins/com.st.stm32cube.ide.mcu.externaltools.gnu-tools-for-stm32.9-2020-q2-update.win32_2.0.0.202105311346/tools/bin/../lib/gcc/arm-none-eabi/9.3.1/../../../../arm-none-eabi/lib/thumb/v7e-m+fp/hard\libc_nano.a(lib_a-findfp.o)
                0x000000000800b4cc                __sf_fake_stdout
                0x000000000800b4ec                . = ALIGN (0x4)

.ARM.extab      0x000000000800b4ec        0x0
                0x000000000800b4ec                . = ALIGN (0x4)
 *(.ARM.extab* .gnu.linkonce.armextab.*)
                0x000000000800b4ec                . = ALIGN (0x4)

.ARM            0x000000000800b4ec        0x8
                0x000000000800b4ec                . = ALIGN (0x4)
                0x000000000800b4ec                __exidx_start = .
 *(.ARM.exidx*)
 .ARM.exidx     0x000000000800b4ec        0x8 c:/st/stm32cubeide_1.7.0/stm32cubeide/plugins/com.st.stm32cube.ide.mcu.externaltools.gnu-tools-for-stm32.9-2020-q2-update.win32_2.0.0.202105311346/tools/bin/../lib/gcc/arm-none-eabi/9.3.1/thumb/v7e-m+fp/hard\libgcc.a(_udivmoddi4.o)
                0x000000000800b4f4                __exidx_end = .
                0x000000000800b4f4                . = ALIGN (0x4)

.rel.dyn        0x000000000800b4f4        0x0
 .rel.iplt      0x000000000800b4f4        0x0 c:/st/stm32cubeide_1.7.0/stm32cubeide/plugins/com.st.stm32cube.ide.mcu.externaltools.gnu-tools-for-stm32.9-2020-q2-update.win32_2.0.0.202105311346/tools/bin/../lib/gcc/arm-none-eabi/9.3.1/thumb/v7e-m+fp/hard/crtbegin.o

.preinit_array  0x000000000800b4f4        0x0
                0x000000000800b4f4                . = ALIGN (0x4)
                0x000000000800b4f4                PROVIDE (__preinit_array_start = .)
 *(.preinit_array*)
                0x000000000800b4f4                PROVIDE (__preinit_array_end = .)
                0x000000000800b4f4                . = ALIGN (0x4)

.init_array     0x000000000800b4f4        0x4
                0x000000000800b4f4                . = ALIGN (0x4)
                0x000000000800b4f4                PROVIDE (__init_array_start = .)
 *(SORT_BY_NAME(.init_array.*))
 *(.init_array*)
 .init_array    0x000000000800b4f4        0x4 c:/st/stm32cubeide_1.7.0/stm32cubeide/plugins/com.st.stm32cube.ide.mcu.externaltools.gnu-tools-for-stm32.9-2020-q2-update.win32_2.0.0.202105311346/tools/bin/../lib/gcc/arm-none-eabi/9.3.1/thumb/v7e-m+fp/hard/crtbegin.o
                0x000000000800b4f8                PROVIDE (__init_array_end = .)
                0x000000000800b4f8                . = ALIGN (0x4)

.fini_array     0x000000000800b4f8        0x4
                0x000000000800b4f8                . = ALIGN (0x4)
                [!provide]                        PROVIDE (__fini_array_start = .)
 *(SORT_BY_NAME(.fini_array.*))
 *(.fini_array*)
 .fini_array    0x000000000800b4f8        0x4 c:/st/stm32cubeide_1.7.0/stm32cubeide/plugins/com.st.stm32cube.ide.mcu.externaltools.gnu-tools-for-stm32.9-2020-q2-update.win32_2.0.0.202105311346/tools/bin/../lib/gcc/arm-none-eabi/9.3.1/thumb/v7e-m+fp/hard/crtbegin.o
                [!provide]                        PROVIDE (__fini_array_end = .)
                0x000000000800b4fc                . = ALIGN (0x4)
                0x000000000800b4fc                _sidata = LOADADDR (.data)

.data           0x0000000020000000      0x1f8 load address 0x000000000800b4fc
                0x0000000020000000                . = ALIGN (0x4)
                0x0000000020000000                _sdata = .
 *(.data)
 *(.data*)
 .data.set_point
                0x0000000020000000        0x4 ./Core/Src/main.o
                0x0000000020000000                set_point
 .data.pid1     0x0000000020000004       0x18 ./Core/Src/main.o
                0x0000000020000004                pid1
 .data.SystemCoreClock
                0x000000002000001c        0x4 ./Core/Src/system_stm32f7xx.o
                0x000000002000001c                SystemCoreClock
 .data.uwTickPrio
                0x0000000020000020        0x4 ./Drivers/STM32F7xx_HAL_Driver/Src/stm32f7xx_hal.o
                0x0000000020000020                uwTickPrio
 .data.uwTickFreq
                0x0000000020000024        0x1 ./Drivers/STM32F7xx_HAL_Driver/Src/stm32f7xx_hal.o
                0x0000000020000024                uwTickFreq
 *fill*         0x0000000020000025        0x3 
 .data._impure_ptr
                0x0000000020000028        0x4 c:/st/stm32cubeide_1.7.0/stm32cubeide/plugins/com.st.stm32cube.ide.mcu.externaltools.gnu-tools-for-stm32.9-2020-q2-update.win32_2.0.0.202105311346/tools/bin/../lib/gcc/arm-none-eabi/9.3.1/../../../../arm-none-eabi/lib/thumb/v7e-m+fp/hard\libc_nano.a(lib_a-impure.o)
                0x0000000020000028                _impure_ptr
 .data.impure_data
                0x000000002000002c       0x60 c:/st/stm32cubeide_1.7.0/stm32cubeide/plugins/com.st.stm32cube.ide.mcu.externaltools.gnu-tools-for-stm32.9-2020-q2-update.win32_2.0.0.202105311346/tools/bin/../lib/gcc/arm-none-eabi/9.3.1/../../../../arm-none-eabi/lib/thumb/v7e-m+fp/hard\libc_nano.a(lib_a-impure.o)
 .data.__global_locale
                0x000000002000008c      0x16c c:/st/stm32cubeide_1.7.0/stm32cubeide/plugins/com.st.stm32cube.ide.mcu.externaltools.gnu-tools-for-stm32.9-2020-q2-update.win32_2.0.0.202105311346/tools/bin/../lib/gcc/arm-none-eabi/9.3.1/../../../../arm-none-eabi/lib/thumb/v7e-m+fp/hard\libc_nano.a(lib_a-locale.o)
                0x000000002000008c                __global_locale
 *(.RamFunc)
 *(.RamFunc*)
                0x00000000200001f8                . = ALIGN (0x4)
                0x00000000200001f8                _edata = .

.igot.plt       0x00000000200001f8        0x0 load address 0x000000000800b6f4
 .igot.plt      0x00000000200001f8        0x0 c:/st/stm32cubeide_1.7.0/stm32cubeide/plugins/com.st.stm32cube.ide.mcu.externaltools.gnu-tools-for-stm32.9-2020-q2-update.win32_2.0.0.202105311346/tools/bin/../lib/gcc/arm-none-eabi/9.3.1/thumb/v7e-m+fp/hard/crtbegin.o
                0x00000000200001f8                . = ALIGN (0x4)

.bss            0x00000000200001f8      0x670 load address 0x000000000800b6f4
                0x00000000200001f8                _sbss = .
                0x00000000200001f8                __bss_start__ = _sbss
 *(.bss)
 .bss           0x00000000200001f8       0x1c c:/st/stm32cubeide_1.7.0/stm32cubeide/plugins/com.st.stm32cube.ide.mcu.externaltools.gnu-tools-for-stm32.9-2020-q2-update.win32_2.0.0.202105311346/tools/bin/../lib/gcc/arm-none-eabi/9.3.1/thumb/v7e-m+fp/hard/crtbegin.o
 *(.bss*)
 .bss.pwm_duty_f
                0x0000000020000214        0x4 ./Core/Src/main.o
                0x0000000020000214                pwm_duty_f
 .bss.pwm_duty  0x0000000020000218        0x2 ./Core/Src/main.o
                0x0000000020000218                pwm_duty
 *fill*         0x000000002000021a        0x2 
 .bss.__sbrk_heap_end
                0x000000002000021c        0x4 ./Core/Src/sysmem.o
 .bss.__malloc_free_list